
Error: Cannot find module 'C:\Users\chinm\OneDrive\Documents\GitHub\pokemon-showdown-master\dist\data/text/terrains'
Require stack:
- C:\Users\chinm\OneDrive\Documents\GitHub\pokemon-showdown-master\dist\sim\dex.js
- C:\Users\chinm\OneDrive\Documents\GitHub\pokemon-showdown-master\dist\sim\team-validator.js
- C:\Users\chinm\OneDrive\Documents\GitHub\pokemon-showdown-master\dist\server\team-validator-async.js
    at Module._resolveFilename (node:internal/modules/cjs/loader:1144:15)
    at Module._load (node:internal/modules/cjs/loader:985:27)
    at Module.require (node:internal/modules/cjs/loader:1235:19)
    at require (node:internal/modules/helpers:176:18)
    at ModdedDex.loadTextFile (C:\Users\chinm\OneDrive\Documents\GitHub\pokemon-showdown-master\dist\sim\dex.js:436:12)
    at ModdedDex.loadTextData (C:\Users\chinm\OneDrive\Documents\GitHub\pokemon-showdown-master\dist\sim\dex.js:465:22)
    at ModdedDex.getDescs (C:\Users\chinm\OneDrive\Documents\GitHub\pokemon-showdown-master\dist\sim\dex.js:257:24)
    at DexItems.getByID (C:\Users\chinm\OneDrive\Documents\GitHub\pokemon-showdown-master\dist\sim\dex-items.js:106:37)
    at DexItems.get (C:\Users\chinm\OneDrive\Documents\GitHub\pokemon-showdown-master\dist\sim\dex-items.js:86:17)
    at Teams2.unpackName (C:\Users\chinm\OneDrive\Documents\GitHub\pokemon-showdown-master\dist\sim\teams.js:232:28)

TypeError: Cannot read properties of undefined (reading 'hasOwnProperty')
    at DexConditions.getByID (C:\Users\chinm\OneDrive\Documents\GitHub\pokemon-showdown-master\sim\dex-conditions.ts:675:28)
    at DexConditions.get (C:\Users\chinm\OneDrive\Documents\GitHub\pokemon-showdown-master\sim\dex-conditions.ts:648:15)
    at Field.startTerrain (C:\Users\chinm\OneDrive\Documents\GitHub\pokemon-showdown-master\sim\field.ts:133:39)
    at new Field (C:\Users\chinm\OneDrive\Documents\GitHub\pokemon-showdown-master\sim\field.ts:35:8)
    at new Battle (C:\Users\chinm\OneDrive\Documents\GitHub\pokemon-showdown-master\sim\battle.ts:219:16)
    at RoomBattleStream._writeLine (C:\Users\chinm\OneDrive\Documents\GitHub\pokemon-showdown-master\sim\battle-stream.ts:109:18)
    at RoomBattleStream._writeLines (C:\Users\chinm\OneDrive\Documents\GitHub\pokemon-showdown-master\sim\battle-stream.ts:78:10)
    at RoomBattleStream._write (C:\Users\chinm\OneDrive\Documents\GitHub\pokemon-showdown-master\server\room-battle.ts:1311:9)
    at RoomBattleStream.write (C:\Users\chinm\OneDrive\Documents\GitHub\pokemon-showdown-master\lib\streams.ts:836:15)
    at process.<anonymous> (C:\Users\chinm\OneDrive\Documents\GitHub\pokemon-showdown-master\lib\process-manager.ts:678:17)

Additional information:
  chunk = >start {"formatid":"gen7ubers","roomid":"battle-gen7ubers-1","rated":""}
  inputLog = 
  log = 


TypeError: Cannot read properties of null (reading 'setPlayer')
    at RoomBattleStream._writeLine (C:\Users\chinm\OneDrive\Documents\GitHub\pokemon-showdown-master\sim\battle-stream.ts:113:17)
    at RoomBattleStream._writeLines (C:\Users\chinm\OneDrive\Documents\GitHub\pokemon-showdown-master\sim\battle-stream.ts:78:10)
    at RoomBattleStream._write (C:\Users\chinm\OneDrive\Documents\GitHub\pokemon-showdown-master\server\room-battle.ts:1311:9)
    at RoomBattleStream.write (C:\Users\chinm\OneDrive\Documents\GitHub\pokemon-showdown-master\lib\streams.ts:836:15)
    at process.<anonymous> (C:\Users\chinm\OneDrive\Documents\GitHub\pokemon-showdown-master\lib\process-manager.ts:678:17)
    at process.emit (node:events:514:28)
    at process.emit (node:domain:488:12)
    at process.emit (C:\Users\chinm\OneDrive\Documents\GitHub\pokemon-showdown-master\node_modules\source-map-support\source-map-support.js:516:21)
    at emit (node:internal/child_process:951:14)
    at processTicksAndRejections (node:internal/process/task_queues:83:21)

Additional information:
  chunk = >player p1 {"name":"Ternimus","avatar":"102","team":"Aegislash||GhostiumZ|StanceChange|ShadowBall,ShadowSneak,KingsShield,SacredSword|Quiet|252,,,252,4,|M||||]Clefable||KeeBerry|Unaware|CalmMind,Moonblast,Incinerate,MistyTerrain|Bold|252,,252,4,,|F|,0,,,,|||]Charizard||CharizarditeX|Blaze|Overheat,DragonPulse|Modest|4,,,252,,252|M|,0,,,,|||","rating":0}
  inputLog = 
  log = 


TypeError: Cannot read properties of null (reading 'setPlayer')
    at RoomBattleStream._writeLine (C:\Users\chinm\OneDrive\Documents\GitHub\pokemon-showdown-master\sim\battle-stream.ts:113:17)
    at RoomBattleStream._writeLines (C:\Users\chinm\OneDrive\Documents\GitHub\pokemon-showdown-master\sim\battle-stream.ts:78:10)
    at RoomBattleStream._write (C:\Users\chinm\OneDrive\Documents\GitHub\pokemon-showdown-master\server\room-battle.ts:1311:9)
    at RoomBattleStream.write (C:\Users\chinm\OneDrive\Documents\GitHub\pokemon-showdown-master\lib\streams.ts:836:15)
    at process.<anonymous> (C:\Users\chinm\OneDrive\Documents\GitHub\pokemon-showdown-master\lib\process-manager.ts:678:17)
    at process.emit (node:events:514:28)
    at process.emit (node:domain:488:12)
    at process.emit (C:\Users\chinm\OneDrive\Documents\GitHub\pokemon-showdown-master\node_modules\source-map-support\source-map-support.js:516:21)
    at emit (node:internal/child_process:951:14)
    at processTicksAndRejections (node:internal/process/task_queues:83:21)

Additional information:
  chunk = >player p2 {"name":"Ternimusalt","avatar":"169","team":"Garchomp||RoseliBerry|RoughSkin|IronHead,Earthquake,SwordsDance,Outrage|Jolly|,252,,,4,252|M||||]Mimikyu||FocusSash|Disguise|SwordsDance,ShadowClaw,WillOWisp,PlayRough|Jolly|,252,,,4,252|F||||]Venusaur||Venusaurite|Overgrow|SludgeBomb,Synthesis,MagicalLeaf,Earthquake|Modest|252,,,4,252,|F||||","rating":0}
  inputLog = 
  log = 


TypeError: Cannot read properties of undefined (reading 'hasOwnProperty')
    at DexConditions.getByID (C:\Users\chinm\OneDrive\Documents\GitHub\pokemon-showdown-master\sim\dex-conditions.ts:675:28)
    at DexConditions.get (C:\Users\chinm\OneDrive\Documents\GitHub\pokemon-showdown-master\sim\dex-conditions.ts:648:15)
    at Field.startTerrain (C:\Users\chinm\OneDrive\Documents\GitHub\pokemon-showdown-master\sim\field.ts:133:39)
    at new Field (C:\Users\chinm\OneDrive\Documents\GitHub\pokemon-showdown-master\sim\field.ts:35:8)
    at new Battle (C:\Users\chinm\OneDrive\Documents\GitHub\pokemon-showdown-master\sim\battle.ts:219:16)
    at RoomBattleStream._writeLine (C:\Users\chinm\OneDrive\Documents\GitHub\pokemon-showdown-master\sim\battle-stream.ts:109:18)
    at RoomBattleStream._writeLines (C:\Users\chinm\OneDrive\Documents\GitHub\pokemon-showdown-master\sim\battle-stream.ts:78:10)
    at RoomBattleStream._write (C:\Users\chinm\OneDrive\Documents\GitHub\pokemon-showdown-master\server\room-battle.ts:1311:9)
    at RoomBattleStream.write (C:\Users\chinm\OneDrive\Documents\GitHub\pokemon-showdown-master\lib\streams.ts:836:15)
    at process.<anonymous> (C:\Users\chinm\OneDrive\Documents\GitHub\pokemon-showdown-master\lib\process-manager.ts:678:17)

Additional information:
  chunk = >start {"formatid":"gen7ubers","roomid":"battle-gen7ubers-2","rated":""}
  inputLog = 
  log = 


TypeError: Cannot read properties of null (reading 'setPlayer')
    at RoomBattleStream._writeLine (C:\Users\chinm\OneDrive\Documents\GitHub\pokemon-showdown-master\sim\battle-stream.ts:113:17)
    at RoomBattleStream._writeLines (C:\Users\chinm\OneDrive\Documents\GitHub\pokemon-showdown-master\sim\battle-stream.ts:78:10)
    at RoomBattleStream._write (C:\Users\chinm\OneDrive\Documents\GitHub\pokemon-showdown-master\server\room-battle.ts:1311:9)
    at RoomBattleStream.write (C:\Users\chinm\OneDrive\Documents\GitHub\pokemon-showdown-master\lib\streams.ts:836:15)
    at process.<anonymous> (C:\Users\chinm\OneDrive\Documents\GitHub\pokemon-showdown-master\lib\process-manager.ts:678:17)
    at process.emit (node:events:514:28)
    at process.emit (node:domain:488:12)
    at process.emit (C:\Users\chinm\OneDrive\Documents\GitHub\pokemon-showdown-master\node_modules\source-map-support\source-map-support.js:516:21)
    at emit (node:internal/child_process:951:14)
    at processTicksAndRejections (node:internal/process/task_queues:83:21)

Additional information:
  chunk = >player p1 {"name":"Ternimus","avatar":"101","team":"Aegislash||GhostiumZ|StanceChange|ShadowBall,ShadowSneak,KingsShield,SacredSword|Quiet|252,,,252,4,|F||||]Clefable||KeeBerry|Unaware|CalmMind,Moonblast,Incinerate,MistyTerrain|Bold|252,,252,4,,|F|,0,,,,|||]Charizard||CharizarditeX|Blaze|Overheat,DragonPulse|Modest|4,,,252,,252|M|,0,,,,|||","rating":0}
  inputLog = 
  log = 


TypeError: Cannot read properties of null (reading 'setPlayer')
    at RoomBattleStream._writeLine (C:\Users\chinm\OneDrive\Documents\GitHub\pokemon-showdown-master\sim\battle-stream.ts:113:17)
    at RoomBattleStream._writeLines (C:\Users\chinm\OneDrive\Documents\GitHub\pokemon-showdown-master\sim\battle-stream.ts:78:10)
    at RoomBattleStream._write (C:\Users\chinm\OneDrive\Documents\GitHub\pokemon-showdown-master\server\room-battle.ts:1311:9)
    at RoomBattleStream.write (C:\Users\chinm\OneDrive\Documents\GitHub\pokemon-showdown-master\lib\streams.ts:836:15)
    at process.<anonymous> (C:\Users\chinm\OneDrive\Documents\GitHub\pokemon-showdown-master\lib\process-manager.ts:678:17)
    at process.emit (node:events:514:28)
    at process.emit (node:domain:488:12)
    at process.emit (C:\Users\chinm\OneDrive\Documents\GitHub\pokemon-showdown-master\node_modules\source-map-support\source-map-support.js:516:21)
    at emit (node:internal/child_process:951:14)
    at processTicksAndRejections (node:internal/process/task_queues:83:21)

Additional information:
  chunk = >player p2 {"name":"Ternimusalt","avatar":"266","team":"Garchomp||RoseliBerry|RoughSkin|IronHead,Earthquake,SwordsDance,Outrage|Jolly|,252,,,4,252|F||||]Mimikyu||FocusSash|Disguise|SwordsDance,ShadowClaw,WillOWisp,PlayRough|Jolly|,252,,,4,252|M||||]Venusaur||Venusaurite|Overgrow|SludgeBomb,Synthesis,MagicalLeaf,Earthquake|Modest|252,,,4,252,|F||||","rating":0}
  inputLog = 
  log = 


TypeError: Cannot read properties of undefined (reading 'hasOwnProperty')
    at DexConditions.getByID (C:\Users\chinm\OneDrive\Documents\GitHub\pokemon-showdown-master\sim\dex-conditions.ts:675:28)
    at DexConditions.get (C:\Users\chinm\OneDrive\Documents\GitHub\pokemon-showdown-master\sim\dex-conditions.ts:648:15)
    at Field.startTerrain (C:\Users\chinm\OneDrive\Documents\GitHub\pokemon-showdown-master\sim\field.ts:133:39)
    at new Field (C:\Users\chinm\OneDrive\Documents\GitHub\pokemon-showdown-master\sim\field.ts:35:8)
    at new Battle (C:\Users\chinm\OneDrive\Documents\GitHub\pokemon-showdown-master\sim\battle.ts:219:16)
    at RoomBattleStream._writeLine (C:\Users\chinm\OneDrive\Documents\GitHub\pokemon-showdown-master\sim\battle-stream.ts:109:18)
    at RoomBattleStream._writeLines (C:\Users\chinm\OneDrive\Documents\GitHub\pokemon-showdown-master\sim\battle-stream.ts:78:10)
    at RoomBattleStream._write (C:\Users\chinm\OneDrive\Documents\GitHub\pokemon-showdown-master\server\room-battle.ts:1311:9)
    at RoomBattleStream.write (C:\Users\chinm\OneDrive\Documents\GitHub\pokemon-showdown-master\lib\streams.ts:836:15)
    at process.<anonymous> (C:\Users\chinm\OneDrive\Documents\GitHub\pokemon-showdown-master\lib\process-manager.ts:678:17)

Additional information:
  chunk = >start {"formatid":"gen7ubers","roomid":"battle-gen7ubers-3","rated":""}
  inputLog = 
  log = 


TypeError: Cannot read properties of null (reading 'setPlayer')
    at RoomBattleStream._writeLine (C:\Users\chinm\OneDrive\Documents\GitHub\pokemon-showdown-master\sim\battle-stream.ts:113:17)
    at RoomBattleStream._writeLines (C:\Users\chinm\OneDrive\Documents\GitHub\pokemon-showdown-master\sim\battle-stream.ts:78:10)
    at RoomBattleStream._write (C:\Users\chinm\OneDrive\Documents\GitHub\pokemon-showdown-master\server\room-battle.ts:1311:9)
    at RoomBattleStream.write (C:\Users\chinm\OneDrive\Documents\GitHub\pokemon-showdown-master\lib\streams.ts:836:15)
    at process.<anonymous> (C:\Users\chinm\OneDrive\Documents\GitHub\pokemon-showdown-master\lib\process-manager.ts:678:17)
    at process.emit (node:events:514:28)
    at process.emit (node:domain:488:12)
    at process.emit (C:\Users\chinm\OneDrive\Documents\GitHub\pokemon-showdown-master\node_modules\source-map-support\source-map-support.js:516:21)
    at emit (node:internal/child_process:951:14)
    at processTicksAndRejections (node:internal/process/task_queues:83:21)

Additional information:
  chunk = >player p1 {"name":"Ternimusalt","avatar":"1","team":"Garchomp||RoseliBerry|RoughSkin|IronHead,Earthquake,SwordsDance,Outrage|Jolly|,252,,,4,252|M||||]Mimikyu||FocusSash|Disguise|SwordsDance,ShadowClaw,WillOWisp,PlayRough|Jolly|,252,,,4,252|M||||]Venusaur||Venusaurite|Overgrow|SludgeBomb,Synthesis,MagicalLeaf,Earthquake|Modest|252,,,4,252,|M||||","rating":0}
  inputLog = 
  log = 


TypeError: Cannot read properties of null (reading 'setPlayer')
    at RoomBattleStream._writeLine (C:\Users\chinm\OneDrive\Documents\GitHub\pokemon-showdown-master\sim\battle-stream.ts:113:17)
    at RoomBattleStream._writeLines (C:\Users\chinm\OneDrive\Documents\GitHub\pokemon-showdown-master\sim\battle-stream.ts:78:10)
    at RoomBattleStream._write (C:\Users\chinm\OneDrive\Documents\GitHub\pokemon-showdown-master\server\room-battle.ts:1311:9)
    at RoomBattleStream.write (C:\Users\chinm\OneDrive\Documents\GitHub\pokemon-showdown-master\lib\streams.ts:836:15)
    at process.<anonymous> (C:\Users\chinm\OneDrive\Documents\GitHub\pokemon-showdown-master\lib\process-manager.ts:678:17)
    at process.emit (node:events:514:28)
    at process.emit (node:domain:488:12)
    at process.emit (C:\Users\chinm\OneDrive\Documents\GitHub\pokemon-showdown-master\node_modules\source-map-support\source-map-support.js:516:21)
    at emit (node:internal/child_process:951:14)
    at processTicksAndRejections (node:internal/process/task_queues:83:21)

Additional information:
  chunk = >player p2 {"name":"Ternimus","avatar":"102","team":"Aegislash||GhostiumZ|StanceChange|ShadowBall,ShadowSneak,KingsShield,SacredSword|Quiet|252,,,252,4,|F||||]Clefable||KeeBerry|Unaware|CalmMind,Moonblast,Incinerate,MistyTerrain|Bold|252,,252,4,,|F|,0,,,,|||]Charizard||CharizarditeX|Blaze|Overheat,DragonPulse|Modest|4,,,252,,252|M|,0,,,,|||","rating":0}
  inputLog = 
  log = 


TypeError: Cannot read properties of undefined (reading 'hasOwnProperty')
    at DexConditions.getByID (C:\Users\chinm\OneDrive\Documents\GitHub\pokemon-showdown-master\sim\dex-conditions.ts:675:28)
    at DexConditions.get (C:\Users\chinm\OneDrive\Documents\GitHub\pokemon-showdown-master\sim\dex-conditions.ts:648:15)
    at Field.startTerrain (C:\Users\chinm\OneDrive\Documents\GitHub\pokemon-showdown-master\sim\field.ts:133:39)
    at new Field (C:\Users\chinm\OneDrive\Documents\GitHub\pokemon-showdown-master\sim\field.ts:35:8)
    at new Battle (C:\Users\chinm\OneDrive\Documents\GitHub\pokemon-showdown-master\sim\battle.ts:219:16)
    at RoomBattleStream._writeLine (C:\Users\chinm\OneDrive\Documents\GitHub\pokemon-showdown-master\sim\battle-stream.ts:109:18)
    at RoomBattleStream._writeLines (C:\Users\chinm\OneDrive\Documents\GitHub\pokemon-showdown-master\sim\battle-stream.ts:78:10)
    at RoomBattleStream._write (C:\Users\chinm\OneDrive\Documents\GitHub\pokemon-showdown-master\server\room-battle.ts:1311:9)
    at RoomBattleStream.write (C:\Users\chinm\OneDrive\Documents\GitHub\pokemon-showdown-master\lib\streams.ts:836:15)
    at process.<anonymous> (C:\Users\chinm\OneDrive\Documents\GitHub\pokemon-showdown-master\lib\process-manager.ts:678:17)

Additional information:
  chunk = >start {"formatid":"gen7ubers","roomid":"battle-gen7ubers-4","rated":""}
  inputLog = 
  log = 


TypeError: Cannot read properties of null (reading 'setPlayer')
    at RoomBattleStream._writeLine (C:\Users\chinm\OneDrive\Documents\GitHub\pokemon-showdown-master\sim\battle-stream.ts:113:17)
    at RoomBattleStream._writeLines (C:\Users\chinm\OneDrive\Documents\GitHub\pokemon-showdown-master\sim\battle-stream.ts:78:10)
    at RoomBattleStream._write (C:\Users\chinm\OneDrive\Documents\GitHub\pokemon-showdown-master\server\room-battle.ts:1311:9)
    at RoomBattleStream.write (C:\Users\chinm\OneDrive\Documents\GitHub\pokemon-showdown-master\lib\streams.ts:836:15)
    at process.<anonymous> (C:\Users\chinm\OneDrive\Documents\GitHub\pokemon-showdown-master\lib\process-manager.ts:678:17)
    at process.emit (node:events:514:28)
    at process.emit (node:domain:488:12)
    at process.emit (C:\Users\chinm\OneDrive\Documents\GitHub\pokemon-showdown-master\node_modules\source-map-support\source-map-support.js:516:21)
    at emit (node:internal/child_process:951:14)
    at processTicksAndRejections (node:internal/process/task_queues:83:21)

Additional information:
  chunk = >player p1 {"name":"Ternimusalt","avatar":"2","team":"Garchomp||RoseliBerry|RoughSkin|IronHead,Earthquake,SwordsDance,Outrage|Jolly|,252,,,4,252|M||||]Mimikyu||FocusSash|Disguise|SwordsDance,ShadowClaw,WillOWisp,PlayRough|Jolly|,252,,,4,252|F||||]Venusaur||Venusaurite|Overgrow|SludgeBomb,Synthesis,MagicalLeaf,Earthquake|Modest|252,,,4,252,|F||||","rating":0}
  inputLog = 
  log = 


TypeError: Cannot read properties of null (reading 'setPlayer')
    at RoomBattleStream._writeLine (C:\Users\chinm\OneDrive\Documents\GitHub\pokemon-showdown-master\sim\battle-stream.ts:113:17)
    at RoomBattleStream._writeLines (C:\Users\chinm\OneDrive\Documents\GitHub\pokemon-showdown-master\sim\battle-stream.ts:78:10)
    at RoomBattleStream._write (C:\Users\chinm\OneDrive\Documents\GitHub\pokemon-showdown-master\server\room-battle.ts:1311:9)
    at RoomBattleStream.write (C:\Users\chinm\OneDrive\Documents\GitHub\pokemon-showdown-master\lib\streams.ts:836:15)
    at process.<anonymous> (C:\Users\chinm\OneDrive\Documents\GitHub\pokemon-showdown-master\lib\process-manager.ts:678:17)
    at process.emit (node:events:514:28)
    at process.emit (node:domain:488:12)
    at process.emit (C:\Users\chinm\OneDrive\Documents\GitHub\pokemon-showdown-master\node_modules\source-map-support\source-map-support.js:516:21)
    at emit (node:internal/child_process:951:14)
    at processTicksAndRejections (node:internal/process/task_queues:83:21)

Additional information:
  chunk = >player p2 {"name":"Ternimus","avatar":"1","team":"Aegislash||GhostiumZ|StanceChange|ShadowBall,ShadowSneak,KingsShield,SacredSword|Quiet|252,,,252,4,|M||||]Clefable||KeeBerry|Unaware|CalmMind,Moonblast,Incinerate,MistyTerrain|Bold|252,,252,4,,|M|,0,,,,|||]Charizard||CharizarditeX|Blaze|Overheat,DragonPulse|Modest|4,,,252,,252|M|,0,,,,|||","rating":0}
  inputLog = 
  log = 


TypeError: Cannot read properties of undefined (reading 'hasOwnProperty')
    at DexConditions.getByID (C:\Users\chinm\OneDrive\Documents\GitHub\pokemon-showdown-master\sim\dex-conditions.ts:675:28)
    at DexConditions.get (C:\Users\chinm\OneDrive\Documents\GitHub\pokemon-showdown-master\sim\dex-conditions.ts:648:15)
    at Field.startTerrain (C:\Users\chinm\OneDrive\Documents\GitHub\pokemon-showdown-master\sim\field.ts:133:39)
    at new Field (C:\Users\chinm\OneDrive\Documents\GitHub\pokemon-showdown-master\sim\field.ts:35:8)
    at new Battle (C:\Users\chinm\OneDrive\Documents\GitHub\pokemon-showdown-master\sim\battle.ts:219:16)
    at RoomBattleStream._writeLine (C:\Users\chinm\OneDrive\Documents\GitHub\pokemon-showdown-master\sim\battle-stream.ts:109:18)
    at RoomBattleStream._writeLines (C:\Users\chinm\OneDrive\Documents\GitHub\pokemon-showdown-master\sim\battle-stream.ts:78:10)
    at RoomBattleStream._write (C:\Users\chinm\OneDrive\Documents\GitHub\pokemon-showdown-master\server\room-battle.ts:1311:9)
    at RoomBattleStream.write (C:\Users\chinm\OneDrive\Documents\GitHub\pokemon-showdown-master\lib\streams.ts:836:15)
    at process.<anonymous> (C:\Users\chinm\OneDrive\Documents\GitHub\pokemon-showdown-master\lib\process-manager.ts:678:17)

Additional information:
  chunk = >start {"formatid":"gen7ubers","roomid":"battle-gen7ubers-5","rated":""}
  inputLog = 
  log = 


TypeError: Cannot read properties of null (reading 'setPlayer')
    at RoomBattleStream._writeLine (C:\Users\chinm\OneDrive\Documents\GitHub\pokemon-showdown-master\sim\battle-stream.ts:113:17)
    at RoomBattleStream._writeLines (C:\Users\chinm\OneDrive\Documents\GitHub\pokemon-showdown-master\sim\battle-stream.ts:78:10)
    at RoomBattleStream._write (C:\Users\chinm\OneDrive\Documents\GitHub\pokemon-showdown-master\server\room-battle.ts:1311:9)
    at RoomBattleStream.write (C:\Users\chinm\OneDrive\Documents\GitHub\pokemon-showdown-master\lib\streams.ts:836:15)
    at process.<anonymous> (C:\Users\chinm\OneDrive\Documents\GitHub\pokemon-showdown-master\lib\process-manager.ts:678:17)
    at process.emit (node:events:514:28)
    at process.emit (node:domain:488:12)
    at process.emit (C:\Users\chinm\OneDrive\Documents\GitHub\pokemon-showdown-master\node_modules\source-map-support\source-map-support.js:516:21)
    at emit (node:internal/child_process:951:14)
    at processTicksAndRejections (node:internal/process/task_queues:83:21)

Additional information:
  chunk = >player p1 {"name":"Ternimusalt","avatar":"266","team":"Garchomp||RoseliBerry|RoughSkin|IronHead,Earthquake,SwordsDance,Outrage|Jolly|,252,,,4,252|F||||]Mimikyu||FocusSash|Disguise|SwordsDance,ShadowClaw,WillOWisp,PlayRough|Jolly|,252,,,4,252|M||||]Venusaur||Venusaurite|Overgrow|SludgeBomb,Synthesis,MagicalLeaf,Earthquake|Modest|252,,,4,252,|F||||","rating":0}
  inputLog = 
  log = 


TypeError: Cannot read properties of null (reading 'setPlayer')
    at RoomBattleStream._writeLine (C:\Users\chinm\OneDrive\Documents\GitHub\pokemon-showdown-master\sim\battle-stream.ts:113:17)
    at RoomBattleStream._writeLines (C:\Users\chinm\OneDrive\Documents\GitHub\pokemon-showdown-master\sim\battle-stream.ts:78:10)
    at RoomBattleStream._write (C:\Users\chinm\OneDrive\Documents\GitHub\pokemon-showdown-master\server\room-battle.ts:1311:9)
    at RoomBattleStream.write (C:\Users\chinm\OneDrive\Documents\GitHub\pokemon-showdown-master\lib\streams.ts:836:15)
    at process.<anonymous> (C:\Users\chinm\OneDrive\Documents\GitHub\pokemon-showdown-master\lib\process-manager.ts:678:17)
    at process.emit (node:events:514:28)
    at process.emit (node:domain:488:12)
    at process.emit (C:\Users\chinm\OneDrive\Documents\GitHub\pokemon-showdown-master\node_modules\source-map-support\source-map-support.js:516:21)
    at emit (node:internal/child_process:951:14)
    at processTicksAndRejections (node:internal/process/task_queues:83:21)

Additional information:
  chunk = >player p2 {"name":"Ternimus","avatar":"101","team":"Aegislash||GhostiumZ|StanceChange|ShadowBall,ShadowSneak,KingsShield,SacredSword|Quiet|252,,,252,4,|F||||]Clefable||KeeBerry|Unaware|CalmMind,Moonblast,Incinerate,MistyTerrain|Bold|252,,252,4,,|M|,0,,,,|||]Charizard||CharizarditeX|Blaze|Overheat,DragonPulse|Modest|4,,,252,,252|F|,0,,,,|||","rating":0}
  inputLog = 
  log = 


TypeError: Cannot read properties of undefined (reading 'hasOwnProperty')
    at DexConditions.getByID (C:\Users\chinm\OneDrive\Documents\GitHub\pokemon-showdown-master\sim\dex-conditions.ts:674:28)
    at Battle.runAction (C:\Users\chinm\OneDrive\Documents\GitHub\pokemon-showdown-master\sim\battle.ts:2544:51)
    at Battle.go (C:\Users\chinm\OneDrive\Documents\GitHub\pokemon-showdown-master\sim\battle.ts:2787:9)
    at Battle.commitDecisions (C:\Users\chinm\OneDrive\Documents\GitHub\pokemon-showdown-master\sim\battle.ts:2853:8)
    at Battle.choose (C:\Users\chinm\OneDrive\Documents\GitHub\pokemon-showdown-master\sim\battle.ts:2809:35)
    at RoomBattleStream._writeLine (C:\Users\chinm\OneDrive\Documents\GitHub\pokemon-showdown-master\sim\battle-stream.ts:122:18)
    at RoomBattleStream._writeLines (C:\Users\chinm\OneDrive\Documents\GitHub\pokemon-showdown-master\sim\battle-stream.ts:78:10)
    at RoomBattleStream._write (C:\Users\chinm\OneDrive\Documents\GitHub\pokemon-showdown-master\server\room-battle.ts:1311:9)
    at RoomBattleStream.write (C:\Users\chinm\OneDrive\Documents\GitHub\pokemon-showdown-master\lib\streams.ts:836:15)
    at process.<anonymous> (C:\Users\chinm\OneDrive\Documents\GitHub\pokemon-showdown-master\lib\process-manager.ts:678:17)

Additional information:
  chunk = >p1 team 213
  inputLog = 
>start {"formatid":"gen7ubers","seed":[55780,61147,17005,34210]}
>player p1 {"name":"Ternimus","avatar":"170","team":"Aegislash||GhostiumZ|StanceChange|ShadowBall,ShadowSneak,KingsShield,SacredSword|Quiet|252,,,252,4,|F||||]Clefable||KeeBerry|Unaware|CalmMind,Moonblast,Incinerate,MistyTerrain|Bold|252,,252,4,,|M|,0,,,,|||]Charizard||CharizarditeX|Blaze|Overheat,DragonPulse|Modest|4,,,252,,252|M|,0,,,,|||","rating":0}
>player p2 {"name":"Ternimusalt","avatar":"169","team":"Garchomp||RoseliBerry|RoughSkin|IronHead,Earthquake,SwordsDance,Outrage|Jolly|,252,,,4,252|M||||]Mimikyu||FocusSash|Disguise|SwordsDance,ShadowClaw,WillOWisp,PlayRough|Jolly|,252,,,4,252|F||||]Venusaur||Venusaurite|Overgrow|SludgeBomb,Synthesis,MagicalLeaf,Earthquake|Modest|252,,,4,252,|M||||]Kyogre|||Drizzle|Dive||,,,,,8|N||||","rating":0}
>p1 team 2, 1, 3
>p2 team 4, 2, 3, 1
  log = 
|t:|1708013525
|gametype|singles
|player|p1|Ternimus|170|
|player|p2|Ternimusalt|169|
|teamsize|p1|3
|teamsize|p2|4
|gen|7
|tier|[Gen 7] Ubers
|rule|Sleep Clause Mod: Limit one foe put to sleep
|rule|Species Clause: Limit one of each Pokémon
|rule|OHKO Clause: OHKO moves are banned
|rule|Moody Clause: Moody is banned
|rule|Evasion Items Clause: Evasion items are banned
|rule|Evasion Moves Clause: Evasion moves are banned
|rule|Endless Battle Clause: Forcing endless battles is banned
|rule|HP Percentage Mod: HP is shown in percentages
|rule|Mega Rayquaza Clause: You cannot mega evolve Rayquaza
|clearpoke
|poke|p1|Aegislash, F|item
|poke|p1|Clefable, M|item
|poke|p1|Charizard, M|item
|poke|p2|Garchomp, M|item
|poke|p2|Mimikyu, F|item
|poke|p2|Venusaur, M|item
|poke|p2|Kyogre|
|teampreview
|
|t:|1708013530
|start
|switch|p1a: Clefable|Clefable, M|394/394
|switch|p2a: Kyogre|Kyogre|341/341


TypeError: Cannot read properties of undefined (reading 'hasOwnProperty')
    at DexConditions.getByID (C:\Users\chinm\OneDrive\Documents\GitHub\pokemon-showdown-master\sim\dex-conditions.ts:673:28)
    at DexConditions.get (C:\Users\chinm\OneDrive\Documents\GitHub\pokemon-showdown-master\sim\dex-conditions.ts:647:15)
    at Field.startTerrain (C:\Users\chinm\OneDrive\Documents\GitHub\pokemon-showdown-master\sim\field.ts:133:39)
    at new Field (C:\Users\chinm\OneDrive\Documents\GitHub\pokemon-showdown-master\sim\field.ts:35:8)
    at new Battle (C:\Users\chinm\OneDrive\Documents\GitHub\pokemon-showdown-master\sim\battle.ts:219:16)
    at RoomBattleStream._writeLine (C:\Users\chinm\OneDrive\Documents\GitHub\pokemon-showdown-master\sim\battle-stream.ts:109:18)
    at RoomBattleStream._writeLines (C:\Users\chinm\OneDrive\Documents\GitHub\pokemon-showdown-master\sim\battle-stream.ts:78:10)
    at RoomBattleStream._write (C:\Users\chinm\OneDrive\Documents\GitHub\pokemon-showdown-master\server\room-battle.ts:1311:9)
    at RoomBattleStream.write (C:\Users\chinm\OneDrive\Documents\GitHub\pokemon-showdown-master\lib\streams.ts:836:15)
    at process.<anonymous> (C:\Users\chinm\OneDrive\Documents\GitHub\pokemon-showdown-master\lib\process-manager.ts:678:17)

Additional information:
  chunk = >start {"formatid":"gen7ubers","roomid":"battle-gen7ubers-62","rated":""}
  inputLog = 
  log = 


TypeError: Cannot read properties of null (reading 'setPlayer')
    at RoomBattleStream._writeLine (C:\Users\chinm\OneDrive\Documents\GitHub\pokemon-showdown-master\sim\battle-stream.ts:113:17)
    at RoomBattleStream._writeLines (C:\Users\chinm\OneDrive\Documents\GitHub\pokemon-showdown-master\sim\battle-stream.ts:78:10)
    at RoomBattleStream._write (C:\Users\chinm\OneDrive\Documents\GitHub\pokemon-showdown-master\server\room-battle.ts:1311:9)
    at RoomBattleStream.write (C:\Users\chinm\OneDrive\Documents\GitHub\pokemon-showdown-master\lib\streams.ts:836:15)
    at process.<anonymous> (C:\Users\chinm\OneDrive\Documents\GitHub\pokemon-showdown-master\lib\process-manager.ts:678:17)
    at process.emit (node:events:514:28)
    at process.emit (node:domain:488:12)
    at process.emit (C:\Users\chinm\OneDrive\Documents\GitHub\pokemon-showdown-master\node_modules\source-map-support\source-map-support.js:516:21)
    at emit (node:internal/child_process:951:14)
    at processTicksAndRejections (node:internal/process/task_queues:83:21)

Additional information:
  chunk = >player p1 {"name":"Ternimusalt","avatar":"102","team":"Garchomp||RoseliBerry|RoughSkin|IronHead,Earthquake,SwordsDance,Outrage|Jolly|,252,,,4,252|M||||]Mimikyu||FocusSash|Disguise|SwordsDance,ShadowClaw,WillOWisp,PlayRough|Jolly|,252,,,4,252|M||||]Venusaur||Venusaurite|Overgrow|SludgeBomb,Synthesis,MagicalLeaf,Earthquake|Modest|252,,,4,252,|M||||]Kyogre|||Drizzle|Dive||,,,,,8|N||||","rating":0}
  inputLog = 
  log = 


TypeError: Cannot read properties of null (reading 'setPlayer')
    at RoomBattleStream._writeLine (C:\Users\chinm\OneDrive\Documents\GitHub\pokemon-showdown-master\sim\battle-stream.ts:113:17)
    at RoomBattleStream._writeLines (C:\Users\chinm\OneDrive\Documents\GitHub\pokemon-showdown-master\sim\battle-stream.ts:78:10)
    at RoomBattleStream._write (C:\Users\chinm\OneDrive\Documents\GitHub\pokemon-showdown-master\server\room-battle.ts:1311:9)
    at RoomBattleStream.write (C:\Users\chinm\OneDrive\Documents\GitHub\pokemon-showdown-master\lib\streams.ts:836:15)
    at process.<anonymous> (C:\Users\chinm\OneDrive\Documents\GitHub\pokemon-showdown-master\lib\process-manager.ts:678:17)
    at process.emit (node:events:514:28)
    at process.emit (node:domain:488:12)
    at process.emit (C:\Users\chinm\OneDrive\Documents\GitHub\pokemon-showdown-master\node_modules\source-map-support\source-map-support.js:516:21)
    at emit (node:internal/child_process:951:14)
    at processTicksAndRejections (node:internal/process/task_queues:83:21)

Additional information:
  chunk = >player p2 {"name":"Ternimus","avatar":"266","team":"Aegislash||GhostiumZ|StanceChange|ShadowBall,ShadowSneak,KingsShield,SacredSword|Quiet|252,,,252,4,|M||||]Clefable||KeeBerry|Unaware|CalmMind,Moonblast,Incinerate,MistyTerrain|Bold|252,,252,4,,|M|,0,,,,|||]Charizard||CharizarditeX|Blaze|Overheat,DragonPulse|Modest|4,,,252,,252|F|,0,,,,|||","rating":0}
  inputLog = 
  log = 


TypeError: Cannot read properties of undefined (reading 'hasOwnProperty')
    at DexConditions.getByID (C:\Users\chinm\OneDrive\Documents\GitHub\pokemon-showdown-master\sim\dex-conditions.ts:673:28)
    at DexConditions.get (C:\Users\chinm\OneDrive\Documents\GitHub\pokemon-showdown-master\sim\dex-conditions.ts:647:15)
    at Field.startTerrain (C:\Users\chinm\OneDrive\Documents\GitHub\pokemon-showdown-master\sim\field.ts:133:39)
    at new Field (C:\Users\chinm\OneDrive\Documents\GitHub\pokemon-showdown-master\sim\field.ts:35:8)
    at new Battle (C:\Users\chinm\OneDrive\Documents\GitHub\pokemon-showdown-master\sim\battle.ts:219:16)
    at RoomBattleStream._writeLine (C:\Users\chinm\OneDrive\Documents\GitHub\pokemon-showdown-master\sim\battle-stream.ts:109:18)
    at RoomBattleStream._writeLines (C:\Users\chinm\OneDrive\Documents\GitHub\pokemon-showdown-master\sim\battle-stream.ts:78:10)
    at RoomBattleStream._write (C:\Users\chinm\OneDrive\Documents\GitHub\pokemon-showdown-master\server\room-battle.ts:1311:9)
    at RoomBattleStream.write (C:\Users\chinm\OneDrive\Documents\GitHub\pokemon-showdown-master\lib\streams.ts:836:15)
    at process.<anonymous> (C:\Users\chinm\OneDrive\Documents\GitHub\pokemon-showdown-master\lib\process-manager.ts:678:17)

Additional information:
  chunk = >start {"formatid":"gen7ubers","roomid":"battle-gen7ubers-63","rated":""}
  inputLog = 
  log = 


TypeError: Cannot read properties of null (reading 'setPlayer')
    at RoomBattleStream._writeLine (C:\Users\chinm\OneDrive\Documents\GitHub\pokemon-showdown-master\sim\battle-stream.ts:113:17)
    at RoomBattleStream._writeLines (C:\Users\chinm\OneDrive\Documents\GitHub\pokemon-showdown-master\sim\battle-stream.ts:78:10)
    at RoomBattleStream._write (C:\Users\chinm\OneDrive\Documents\GitHub\pokemon-showdown-master\server\room-battle.ts:1311:9)
    at RoomBattleStream.write (C:\Users\chinm\OneDrive\Documents\GitHub\pokemon-showdown-master\lib\streams.ts:836:15)
    at process.<anonymous> (C:\Users\chinm\OneDrive\Documents\GitHub\pokemon-showdown-master\lib\process-manager.ts:678:17)
    at process.emit (node:events:514:28)
    at process.emit (node:domain:488:12)
    at process.emit (C:\Users\chinm\OneDrive\Documents\GitHub\pokemon-showdown-master\node_modules\source-map-support\source-map-support.js:516:21)
    at emit (node:internal/child_process:951:14)
    at processTicksAndRejections (node:internal/process/task_queues:83:21)

Additional information:
  chunk = >player p1 {"name":"Ternimus","avatar":"102","team":"Aegislash||GhostiumZ|StanceChange|ShadowBall,ShadowSneak,KingsShield,SacredSword|Quiet|252,,,252,4,|M||||]Clefable||KeeBerry|Unaware|CalmMind,Moonblast,Incinerate,MistyTerrain|Bold|252,,252,4,,|F|,0,,,,|||]Charizard||CharizarditeX|Blaze|Overheat,DragonPulse|Modest|4,,,252,,252|M|,0,,,,|||","rating":0}
  inputLog = 
  log = 


TypeError: Cannot read properties of null (reading 'setPlayer')
    at RoomBattleStream._writeLine (C:\Users\chinm\OneDrive\Documents\GitHub\pokemon-showdown-master\sim\battle-stream.ts:113:17)
    at RoomBattleStream._writeLines (C:\Users\chinm\OneDrive\Documents\GitHub\pokemon-showdown-master\sim\battle-stream.ts:78:10)
    at RoomBattleStream._write (C:\Users\chinm\OneDrive\Documents\GitHub\pokemon-showdown-master\server\room-battle.ts:1311:9)
    at RoomBattleStream.write (C:\Users\chinm\OneDrive\Documents\GitHub\pokemon-showdown-master\lib\streams.ts:836:15)
    at process.<anonymous> (C:\Users\chinm\OneDrive\Documents\GitHub\pokemon-showdown-master\lib\process-manager.ts:678:17)
    at process.emit (node:events:514:28)
    at process.emit (node:domain:488:12)
    at process.emit (C:\Users\chinm\OneDrive\Documents\GitHub\pokemon-showdown-master\node_modules\source-map-support\source-map-support.js:516:21)
    at emit (node:internal/child_process:951:14)
    at processTicksAndRejections (node:internal/process/task_queues:83:21)

Additional information:
  chunk = >player p2 {"name":"Ternimusalt","avatar":"170","team":"Garchomp||RoseliBerry|RoughSkin|IronHead,Earthquake,SwordsDance,Outrage|Jolly|,252,,,4,252|F||||]Mimikyu||FocusSash|Disguise|SwordsDance,ShadowClaw,WillOWisp,PlayRough|Jolly|,252,,,4,252|F||||]Venusaur||Venusaurite|Overgrow|SludgeBomb,Synthesis,MagicalLeaf,Earthquake|Modest|252,,,4,252,|F||||]Kyogre|||Drizzle|Dive||,,,,,8|N||||","rating":0}
  inputLog = 
  log = 


TypeError: Cannot read properties of undefined (reading 'hasOwnProperty')
    at DexConditions.getByID (C:\Users\chinm\OneDrive\Documents\GitHub\pokemon-showdown-master\sim\dex-conditions.ts:673:28)
    at DexConditions.get (C:\Users\chinm\OneDrive\Documents\GitHub\pokemon-showdown-master\sim\dex-conditions.ts:647:15)
    at Field.startTerrain (C:\Users\chinm\OneDrive\Documents\GitHub\pokemon-showdown-master\sim\field.ts:133:39)
    at new Field (C:\Users\chinm\OneDrive\Documents\GitHub\pokemon-showdown-master\sim\field.ts:35:8)
    at new Battle (C:\Users\chinm\OneDrive\Documents\GitHub\pokemon-showdown-master\sim\battle.ts:219:16)
    at RoomBattleStream._writeLine (C:\Users\chinm\OneDrive\Documents\GitHub\pokemon-showdown-master\sim\battle-stream.ts:109:18)
    at RoomBattleStream._writeLines (C:\Users\chinm\OneDrive\Documents\GitHub\pokemon-showdown-master\sim\battle-stream.ts:78:10)
    at RoomBattleStream._write (C:\Users\chinm\OneDrive\Documents\GitHub\pokemon-showdown-master\server\room-battle.ts:1311:9)
    at RoomBattleStream.write (C:\Users\chinm\OneDrive\Documents\GitHub\pokemon-showdown-master\lib\streams.ts:836:15)
    at process.<anonymous> (C:\Users\chinm\OneDrive\Documents\GitHub\pokemon-showdown-master\lib\process-manager.ts:678:17)

Additional information:
  chunk = >start {"formatid":"gen7ubers","roomid":"battle-gen7ubers-64","rated":""}
  inputLog = 
  log = 


TypeError: Cannot read properties of null (reading 'setPlayer')
    at RoomBattleStream._writeLine (C:\Users\chinm\OneDrive\Documents\GitHub\pokemon-showdown-master\sim\battle-stream.ts:113:17)
    at RoomBattleStream._writeLines (C:\Users\chinm\OneDrive\Documents\GitHub\pokemon-showdown-master\sim\battle-stream.ts:78:10)
    at RoomBattleStream._write (C:\Users\chinm\OneDrive\Documents\GitHub\pokemon-showdown-master\server\room-battle.ts:1311:9)
    at RoomBattleStream.write (C:\Users\chinm\OneDrive\Documents\GitHub\pokemon-showdown-master\lib\streams.ts:836:15)
    at process.<anonymous> (C:\Users\chinm\OneDrive\Documents\GitHub\pokemon-showdown-master\lib\process-manager.ts:678:17)
    at process.emit (node:events:514:28)
    at process.emit (node:domain:488:12)
    at process.emit (C:\Users\chinm\OneDrive\Documents\GitHub\pokemon-showdown-master\node_modules\source-map-support\source-map-support.js:516:21)
    at emit (node:internal/child_process:951:14)
    at processTicksAndRejections (node:internal/process/task_queues:83:21)

Additional information:
  chunk = >player p1 {"name":"Ternimusalt","avatar":"2","team":"Garchomp||RoseliBerry|RoughSkin|IronHead,Earthquake,SwordsDance,Outrage|Jolly|,252,,,4,252|M||||]Mimikyu||FocusSash|Disguise|SwordsDance,ShadowClaw,WillOWisp,PlayRough|Jolly|,252,,,4,252|F||||]Venusaur||Venusaurite|Overgrow|SludgeBomb,Synthesis,MagicalLeaf,Earthquake|Modest|252,,,4,252,|F||||]Kyogre|||Drizzle|Dive||,,,,,8|N||||","rating":0}
  inputLog = 
  log = 


TypeError: Cannot read properties of null (reading 'setPlayer')
    at RoomBattleStream._writeLine (C:\Users\chinm\OneDrive\Documents\GitHub\pokemon-showdown-master\sim\battle-stream.ts:113:17)
    at RoomBattleStream._writeLines (C:\Users\chinm\OneDrive\Documents\GitHub\pokemon-showdown-master\sim\battle-stream.ts:78:10)
    at RoomBattleStream._write (C:\Users\chinm\OneDrive\Documents\GitHub\pokemon-showdown-master\server\room-battle.ts:1311:9)
    at RoomBattleStream.write (C:\Users\chinm\OneDrive\Documents\GitHub\pokemon-showdown-master\lib\streams.ts:836:15)
    at process.<anonymous> (C:\Users\chinm\OneDrive\Documents\GitHub\pokemon-showdown-master\lib\process-manager.ts:678:17)
    at process.emit (node:events:514:28)
    at process.emit (node:domain:488:12)
    at process.emit (C:\Users\chinm\OneDrive\Documents\GitHub\pokemon-showdown-master\node_modules\source-map-support\source-map-support.js:516:21)
    at emit (node:internal/child_process:951:14)
    at processTicksAndRejections (node:internal/process/task_queues:83:21)

Additional information:
  chunk = >player p2 {"name":"Ternimus","avatar":"265","team":"Aegislash||GhostiumZ|StanceChange|ShadowBall,ShadowSneak,KingsShield,SacredSword|Quiet|252,,,252,4,|F||||]Clefable||KeeBerry|Unaware|CalmMind,Moonblast,Incinerate,MistyTerrain|Bold|252,,252,4,,|F|,0,,,,|||]Charizard||CharizarditeX|Blaze|Overheat,DragonPulse|Modest|4,,,252,,252|F|,0,,,,|||","rating":0}
  inputLog = 
  log = 


TypeError: Cannot use 'in' operator to search for 'getTypes' in Fairy
    at ModdedDex.getEffectiveness (C:\Users\chinm\OneDrive\Documents\GitHub\pokemon-showdown-master\sim\dex.ts:261:35)
    at Pokemon.runEffectiveness (C:\Users\chinm\OneDrive\Documents\GitHub\pokemon-showdown-master\sim\pokemon.ts:2091:34)
    at BattleActions.modifyDamage (C:\Users\chinm\OneDrive\Documents\GitHub\pokemon-showdown-master\sim\battle-actions.ts:1784:24)
    at BattleActions.getDamage (C:\Users\chinm\OneDrive\Documents\GitHub\pokemon-showdown-master\sim\battle-actions.ts:1710:15)
    at BattleActions.getSpreadDamage (C:\Users\chinm\OneDrive\Documents\GitHub\pokemon-showdown-master\sim\battle-actions.ts:1163:27)
    at BattleActions.spreadMoveHit (C:\Users\chinm\OneDrive\Documents\GitHub\pokemon-showdown-master\sim\battle-actions.ts:1084:17)
    at BattleActions.hitStepMoveHitLoop (C:\Users\chinm\OneDrive\Documents\GitHub\pokemon-showdown-master\sim\battle-actions.ts:933:44)
    at BattleActions.trySpreadMoveHit (C:\Users\chinm\OneDrive\Documents\GitHub\pokemon-showdown-master\sim\battle-actions.ts:594:79)
    at BattleActions.useMoveInner (C:\Users\chinm\OneDrive\Documents\GitHub\pokemon-showdown-master\sim\battle-actions.ts:511:22)
    at BattleActions.useMove (C:\Users\chinm\OneDrive\Documents\GitHub\pokemon-showdown-master\sim\battle-actions.ts:374:27)

Additional information:
  chunk = >p2 move 3
  inputLog = 
>start {"formatid":"gen7ubers","seed":[2997,6223,57977,42890]}
>player p1 {"name":"Ternimusalt","avatar":"1","team":"Garchomp||RoseliBerry|RoughSkin|IronHead,Earthquake,SwordsDance,Outrage|Jolly|,252,,,4,252|F||||]Mimikyu||FocusSash|Disguise|SwordsDance,ShadowClaw,WillOWisp,PlayRough|Jolly|,252,,,4,252|F||||]Venusaur||Venusaurite|Overgrow|SludgeBomb,Synthesis,MagicalLeaf,Earthquake|Modest|252,,,4,252,|F||||]Kyogre|||Drizzle|Dive||,,,,,8|N||||","rating":0}
>player p2 {"name":"Ternimus","avatar":"265","team":"Aegislash||GhostiumZ|StanceChange|ShadowBall,ShadowSneak,KingsShield,SacredSword|Quiet|252,,,252,4,|F||||]Clefable||KeeBerry|Unaware|CalmMind,Moonblast,Incinerate,MistyTerrain|Bold|252,,252,4,,|M|,0,,,,|||]Charizard||CharizarditeX|Blaze|Overheat,DragonPulse|Modest|4,,,252,,252|F|,0,,,,|||","rating":0}
>p1 team 2, 1, 3, 4
>p2 team 2, 1, 3
>p1 move playrough
>p2 move incinerate
  log = 
|t:|1708015889
|-fieldstart|corrosivemistyterrain
|gametype|singles
|player|p1|Ternimusalt|1|
|player|p2|Ternimus|265|
|teamsize|p1|4
|teamsize|p2|3
|gen|7
|tier|[Gen 7] Ubers
|rule|Sleep Clause Mod: Limit one foe put to sleep
|rule|Species Clause: Limit one of each Pokémon
|rule|OHKO Clause: OHKO moves are banned
|rule|Moody Clause: Moody is banned
|rule|Evasion Items Clause: Evasion items are banned
|rule|Evasion Moves Clause: Evasion moves are banned
|rule|Endless Battle Clause: Forcing endless battles is banned
|rule|HP Percentage Mod: HP is shown in percentages
|rule|Mega Rayquaza Clause: You cannot mega evolve Rayquaza
|clearpoke
|poke|p1|Garchomp, F|item
|poke|p1|Mimikyu, F|item
|poke|p1|Venusaur, F|item
|poke|p1|Kyogre|
|poke|p2|Aegislash, F|item
|poke|p2|Clefable, M|item
|poke|p2|Charizard, F|item
|teampreview
|
|t:|1708015893
|start
|switch|p1a: Mimikyu|Mimikyu, F|251/251
|switch|p2a: Clefable|Clefable, M|394/394
|turn|1
|
|t:|1708015903
|move|p1a: Mimikyu|Play Rough|p2a: Clefable


TypeError: Cannot use 'in' operator to search for 'getTypes' in Fairy
    at ModdedDex.getEffectiveness (C:\Users\chinm\OneDrive\Documents\GitHub\pokemon-showdown-master\sim\dex.ts:261:35)
    at Pokemon.runEffectiveness (C:\Users\chinm\OneDrive\Documents\GitHub\pokemon-showdown-master\sim\pokemon.ts:2091:34)
    at BattleActions.modifyDamage (C:\Users\chinm\OneDrive\Documents\GitHub\pokemon-showdown-master\sim\battle-actions.ts:1784:24)
    at BattleActions.getDamage (C:\Users\chinm\OneDrive\Documents\GitHub\pokemon-showdown-master\sim\battle-actions.ts:1710:15)
    at BattleActions.getSpreadDamage (C:\Users\chinm\OneDrive\Documents\GitHub\pokemon-showdown-master\sim\battle-actions.ts:1163:27)
    at BattleActions.spreadMoveHit (C:\Users\chinm\OneDrive\Documents\GitHub\pokemon-showdown-master\sim\battle-actions.ts:1084:17)
    at BattleActions.hitStepMoveHitLoop (C:\Users\chinm\OneDrive\Documents\GitHub\pokemon-showdown-master\sim\battle-actions.ts:933:44)
    at BattleActions.trySpreadMoveHit (C:\Users\chinm\OneDrive\Documents\GitHub\pokemon-showdown-master\sim\battle-actions.ts:594:79)
    at BattleActions.useMoveInner (C:\Users\chinm\OneDrive\Documents\GitHub\pokemon-showdown-master\sim\battle-actions.ts:511:22)
    at BattleActions.useMove (C:\Users\chinm\OneDrive\Documents\GitHub\pokemon-showdown-master\sim\battle-actions.ts:374:27)

Additional information:
  chunk = >p2 move 3
  inputLog = 
>start {"formatid":"gen7ubers","seed":[36672,26282,19368,34252]}
>player p1 {"name":"Ternimusalt","avatar":"170","team":"Garchomp||RoseliBerry|RoughSkin|IronHead,Earthquake,SwordsDance,Outrage|Jolly|,252,,,4,252|M||||]Mimikyu||FocusSash|Disguise|SwordsDance,ShadowClaw,WillOWisp,PlayRough|Jolly|,252,,,4,252|F||||]Venusaur||Venusaurite|Overgrow|SludgeBomb,Synthesis,MagicalLeaf,Earthquake|Modest|252,,,4,252,|F||||]Kyogre|||Drizzle|Dive||,,,,,8|N||||","rating":0}
>player p2 {"name":"Ternimus","avatar":"266","team":"Aegislash||GhostiumZ|StanceChange|ShadowBall,ShadowSneak,KingsShield,SacredSword|Quiet|252,,,252,4,|F||||]Clefable||KeeBerry|Unaware|CalmMind,Moonblast,Incinerate,MistyTerrain|Bold|252,,252,4,,|F|,0,,,,|||]Charizard||CharizarditeX|Blaze|Overheat,DragonPulse|Modest|4,,,252,,252|F|,0,,,,|||","rating":0}
>p1 team 2, 1, 3, 4
>p2 team 2, 1, 3
>p1 move playrough
>p2 move incinerate
  log = 
|t:|1708016249
|-fieldstart|corrosivemistyterrain
|gametype|singles
|player|p1|Ternimusalt|170|
|player|p2|Ternimus|266|
|teamsize|p1|4
|teamsize|p2|3
|gen|7
|tier|[Gen 7] Ubers
|rule|Sleep Clause Mod: Limit one foe put to sleep
|rule|Species Clause: Limit one of each Pokémon
|rule|OHKO Clause: OHKO moves are banned
|rule|Moody Clause: Moody is banned
|rule|Evasion Items Clause: Evasion items are banned
|rule|Evasion Moves Clause: Evasion moves are banned
|rule|Endless Battle Clause: Forcing endless battles is banned
|rule|HP Percentage Mod: HP is shown in percentages
|rule|Mega Rayquaza Clause: You cannot mega evolve Rayquaza
|clearpoke
|poke|p1|Garchomp, M|item
|poke|p1|Mimikyu, F|item
|poke|p1|Venusaur, F|item
|poke|p1|Kyogre|
|poke|p2|Aegislash, F|item
|poke|p2|Clefable, F|item
|poke|p2|Charizard, F|item
|teampreview
|
|t:|1708016252
|start
|switch|p1a: Mimikyu|Mimikyu, F|251/251
|switch|p2a: Clefable|Clefable, F|394/394
|turn|1
|
|t:|1708016255
|move|p1a: Mimikyu|Play Rough|p2a: Clefable


TypeError: Cannot use 'in' operator to search for 'getTypes' in Fairy
    at ModdedDex.getEffectiveness (C:\Users\chinm\OneDrive\Documents\GitHub\pokemon-showdown-master\sim\dex.ts:261:35)
    at Pokemon.runEffectiveness (C:\Users\chinm\OneDrive\Documents\GitHub\pokemon-showdown-master\sim\pokemon.ts:2091:34)
    at BattleActions.modifyDamage (C:\Users\chinm\OneDrive\Documents\GitHub\pokemon-showdown-master\sim\battle-actions.ts:1784:24)
    at BattleActions.getDamage (C:\Users\chinm\OneDrive\Documents\GitHub\pokemon-showdown-master\sim\battle-actions.ts:1710:15)
    at BattleActions.getSpreadDamage (C:\Users\chinm\OneDrive\Documents\GitHub\pokemon-showdown-master\sim\battle-actions.ts:1163:27)
    at BattleActions.spreadMoveHit (C:\Users\chinm\OneDrive\Documents\GitHub\pokemon-showdown-master\sim\battle-actions.ts:1084:17)
    at BattleActions.hitStepMoveHitLoop (C:\Users\chinm\OneDrive\Documents\GitHub\pokemon-showdown-master\sim\battle-actions.ts:933:44)
    at BattleActions.trySpreadMoveHit (C:\Users\chinm\OneDrive\Documents\GitHub\pokemon-showdown-master\sim\battle-actions.ts:594:79)
    at BattleActions.useMoveInner (C:\Users\chinm\OneDrive\Documents\GitHub\pokemon-showdown-master\sim\battle-actions.ts:511:22)
    at BattleActions.useMove (C:\Users\chinm\OneDrive\Documents\GitHub\pokemon-showdown-master\sim\battle-actions.ts:374:27)

Additional information:
  chunk = >p2 move 3
  inputLog = 
>start {"formatid":"gen7ubers","seed":[52450,9923,13962,7461]}
>player p1 {"name":"Ternimusalt","avatar":"169","team":"Garchomp||RoseliBerry|RoughSkin|IronHead,Earthquake,SwordsDance,Outrage|Jolly|,252,,,4,252|M||||]Mimikyu||FocusSash|Disguise|SwordsDance,ShadowClaw,WillOWisp,PlayRough|Jolly|,252,,,4,252|M||||]Venusaur||Venusaurite|Overgrow|SludgeBomb,Synthesis,MagicalLeaf,Earthquake|Modest|252,,,4,252,|F||||]Kyogre|||Drizzle|Dive||,,,,,8|N||||","rating":0}
>player p2 {"name":"Ternimus","avatar":"265","team":"Aegislash||GhostiumZ|StanceChange|ShadowBall,ShadowSneak,KingsShield,SacredSword|Quiet|252,,,252,4,|F||||]Clefable||KeeBerry|Unaware|CalmMind,Moonblast,Incinerate,MistyTerrain|Bold|252,,252,4,,|F|,0,,,,|||]Charizard||CharizarditeX|Blaze|Overheat,DragonPulse|Modest|4,,,252,,252|M|,0,,,,|||","rating":0}
>p1 team 2, 1, 3, 4
>p2 team 2, 1, 3
>p1 move playrough
>p2 move incinerate
  log = 
|t:|1708017187
|-fieldstart|corrosivemistyterrain
|gametype|singles
|player|p1|Ternimusalt|169|
|player|p2|Ternimus|265|
|teamsize|p1|4
|teamsize|p2|3
|gen|7
|tier|[Gen 7] Ubers
|rule|Sleep Clause Mod: Limit one foe put to sleep
|rule|Species Clause: Limit one of each Pokémon
|rule|OHKO Clause: OHKO moves are banned
|rule|Moody Clause: Moody is banned
|rule|Evasion Items Clause: Evasion items are banned
|rule|Evasion Moves Clause: Evasion moves are banned
|rule|Endless Battle Clause: Forcing endless battles is banned
|rule|HP Percentage Mod: HP is shown in percentages
|rule|Mega Rayquaza Clause: You cannot mega evolve Rayquaza
|clearpoke
|poke|p1|Garchomp, M|item
|poke|p1|Mimikyu, M|item
|poke|p1|Venusaur, F|item
|poke|p1|Kyogre|
|poke|p2|Aegislash, F|item
|poke|p2|Clefable, F|item
|poke|p2|Charizard, M|item
|teampreview
|
|t:|1708017190
|start
|switch|p1a: Mimikyu|Mimikyu, M|251/251
|switch|p2a: Clefable|Clefable, F|394/394
|turn|1
|
|t:|1708017195
|move|p1a: Mimikyu|Play Rough|p2a: Clefable


TypeError: target.getTypes is not a function
    at ModdedDex.getEffectiveness (C:\Users\chinm\OneDrive\Documents\GitHub\pokemon-showdown-master\sim\dex.ts:261:76)
    at Pokemon.runEffectiveness (C:\Users\chinm\OneDrive\Documents\GitHub\pokemon-showdown-master\sim\pokemon.ts:2091:34)
    at BattleActions.modifyDamage (C:\Users\chinm\OneDrive\Documents\GitHub\pokemon-showdown-master\sim\battle-actions.ts:1784:24)
    at BattleActions.getDamage (C:\Users\chinm\OneDrive\Documents\GitHub\pokemon-showdown-master\sim\battle-actions.ts:1710:15)
    at BattleActions.getSpreadDamage (C:\Users\chinm\OneDrive\Documents\GitHub\pokemon-showdown-master\sim\battle-actions.ts:1163:27)
    at BattleActions.spreadMoveHit (C:\Users\chinm\OneDrive\Documents\GitHub\pokemon-showdown-master\sim\battle-actions.ts:1084:17)
    at BattleActions.hitStepMoveHitLoop (C:\Users\chinm\OneDrive\Documents\GitHub\pokemon-showdown-master\sim\battle-actions.ts:933:44)
    at BattleActions.trySpreadMoveHit (C:\Users\chinm\OneDrive\Documents\GitHub\pokemon-showdown-master\sim\battle-actions.ts:594:79)
    at BattleActions.useMoveInner (C:\Users\chinm\OneDrive\Documents\GitHub\pokemon-showdown-master\sim\battle-actions.ts:511:22)
    at BattleActions.useMove (C:\Users\chinm\OneDrive\Documents\GitHub\pokemon-showdown-master\sim\battle-actions.ts:374:27)

Additional information:
  chunk = >p2 move 2
  inputLog = 
>start {"formatid":"gen7ubers","seed":[39830,12090,52758,27165]}
>player p1 {"name":"Ternimusalt","avatar":"265","team":"Garchomp||RoseliBerry|RoughSkin|IronHead,Earthquake,SwordsDance,Outrage|Jolly|,252,,,4,252|F||||]Mimikyu||FocusSash|Disguise|SwordsDance,ShadowClaw,WillOWisp,PlayRough|Jolly|,252,,,4,252|F||||]Venusaur||Venusaurite|Overgrow|SludgeBomb,Synthesis,MagicalLeaf,Earthquake|Modest|252,,,4,252,|M||||]Kyogre|||Drizzle|Dive||,,,,,8|N||||","rating":0}
>player p2 {"name":"Ternimus","avatar":"169","team":"Aegislash||GhostiumZ|StanceChange|ShadowBall,ShadowSneak,KingsShield,SacredSword|Quiet|252,,,252,4,|F||||]Clefable||KeeBerry|Unaware|CalmMind,Moonblast,Incinerate,MistyTerrain|Bold|252,,252,4,,|F|,0,,,,|||]Charizard||CharizarditeX|Blaze|Overheat,DragonPulse|Modest|4,,,252,,252|M|,0,,,,|||","rating":0}
>p1 team 2, 1, 3, 4
>p2 team 2, 1, 3
>p1 move playrough
>p2 move moonblast
  log = 
|t:|1708017364
|-fieldstart|Corrosive Mist Field
|gametype|singles
|player|p1|Ternimusalt|265|
|player|p2|Ternimus|169|
|teamsize|p1|4
|teamsize|p2|3
|gen|7
|tier|[Gen 7] Ubers
|rule|Sleep Clause Mod: Limit one foe put to sleep
|rule|Species Clause: Limit one of each Pokémon
|rule|OHKO Clause: OHKO moves are banned
|rule|Moody Clause: Moody is banned
|rule|Evasion Items Clause: Evasion items are banned
|rule|Evasion Moves Clause: Evasion moves are banned
|rule|Endless Battle Clause: Forcing endless battles is banned
|rule|HP Percentage Mod: HP is shown in percentages
|rule|Mega Rayquaza Clause: You cannot mega evolve Rayquaza
|clearpoke
|poke|p1|Garchomp, F|item
|poke|p1|Mimikyu, F|item
|poke|p1|Venusaur, M|item
|poke|p1|Kyogre|
|poke|p2|Aegislash, F|item
|poke|p2|Clefable, F|item
|poke|p2|Charizard, M|item
|teampreview
|
|t:|1708017367
|start
|switch|p1a: Mimikyu|Mimikyu, F|251/251
|switch|p2a: Clefable|Clefable, F|394/394
|turn|1
|
|t:|1708017373
|move|p1a: Mimikyu|Play Rough|p2a: Clefable


TypeError: target.getTypes is not a function
    at ModdedDex.getEffectiveness (C:\Users\chinm\OneDrive\Documents\GitHub\pokemon-showdown-master\sim\dex.ts:261:41)
    at Pokemon.runEffectiveness (C:\Users\chinm\OneDrive\Documents\GitHub\pokemon-showdown-master\sim\pokemon.ts:2091:34)
    at BattleActions.modifyDamage (C:\Users\chinm\OneDrive\Documents\GitHub\pokemon-showdown-master\sim\battle-actions.ts:1784:24)
    at BattleActions.getDamage (C:\Users\chinm\OneDrive\Documents\GitHub\pokemon-showdown-master\sim\battle-actions.ts:1710:15)
    at BattleActions.getSpreadDamage (C:\Users\chinm\OneDrive\Documents\GitHub\pokemon-showdown-master\sim\battle-actions.ts:1163:27)
    at BattleActions.spreadMoveHit (C:\Users\chinm\OneDrive\Documents\GitHub\pokemon-showdown-master\sim\battle-actions.ts:1084:17)
    at BattleActions.hitStepMoveHitLoop (C:\Users\chinm\OneDrive\Documents\GitHub\pokemon-showdown-master\sim\battle-actions.ts:933:44)
    at BattleActions.trySpreadMoveHit (C:\Users\chinm\OneDrive\Documents\GitHub\pokemon-showdown-master\sim\battle-actions.ts:594:79)
    at BattleActions.useMoveInner (C:\Users\chinm\OneDrive\Documents\GitHub\pokemon-showdown-master\sim\battle-actions.ts:511:22)
    at BattleActions.useMove (C:\Users\chinm\OneDrive\Documents\GitHub\pokemon-showdown-master\sim\battle-actions.ts:374:27)

Additional information:
  chunk = >p2 move 2
  inputLog = 
>start {"formatid":"gen7ubers","seed":[54225,8591,32893,45447]}
>player p1 {"name":"Ternimusalt","avatar":"265","team":"Garchomp||RoseliBerry|RoughSkin|IronHead,Earthquake,SwordsDance,Outrage|Jolly|,252,,,4,252|M||||]Mimikyu||FocusSash|Disguise|SwordsDance,ShadowClaw,WillOWisp,PlayRough|Jolly|,252,,,4,252|M||||]Venusaur||Venusaurite|Overgrow|SludgeBomb,Synthesis,MagicalLeaf,Earthquake|Modest|252,,,4,252,|F||||]Kyogre|||Drizzle|Dive||,,,,,8|N||||","rating":0}
>player p2 {"name":"Ternimus","avatar":"169","team":"Aegislash||GhostiumZ|StanceChange|ShadowBall,ShadowSneak,KingsShield,SacredSword|Quiet|252,,,252,4,|M||||]Clefable||KeeBerry|Unaware|CalmMind,Moonblast,Incinerate,MistyTerrain|Bold|252,,252,4,,|F|,0,,,,|||]Charizard||CharizarditeX|Blaze|Overheat,DragonPulse|Modest|4,,,252,,252|F|,0,,,,|||","rating":0}
>p1 team 2, 1, 3, 4
>p2 team 2, 1, 3
>p1 move playrough
>p2 move moonblast
  log = 
|t:|1708017642
|-fieldstart|Corrosive Mist Field
|gametype|singles
|player|p1|Ternimusalt|265|
|player|p2|Ternimus|169|
|teamsize|p1|4
|teamsize|p2|3
|gen|7
|tier|[Gen 7] Ubers
|rule|Sleep Clause Mod: Limit one foe put to sleep
|rule|Species Clause: Limit one of each Pokémon
|rule|OHKO Clause: OHKO moves are banned
|rule|Moody Clause: Moody is banned
|rule|Evasion Items Clause: Evasion items are banned
|rule|Evasion Moves Clause: Evasion moves are banned
|rule|Endless Battle Clause: Forcing endless battles is banned
|rule|HP Percentage Mod: HP is shown in percentages
|rule|Mega Rayquaza Clause: You cannot mega evolve Rayquaza
|clearpoke
|poke|p1|Garchomp, M|item
|poke|p1|Mimikyu, M|item
|poke|p1|Venusaur, F|item
|poke|p1|Kyogre|
|poke|p2|Aegislash, M|item
|poke|p2|Clefable, F|item
|poke|p2|Charizard, F|item
|teampreview
|
|t:|1708017645
|start
|switch|p1a: Mimikyu|Mimikyu, M|251/251
|switch|p2a: Clefable|Clefable, F|394/394
|turn|1
|
|t:|1708017648
|move|p1a: Mimikyu|Play Rough|p2a: Clefable|[miss]
|-miss|p1a: Mimikyu|p2a: Clefable
|move|p2a: Clefable|Moonblast|p1a: Mimikyu


TypeError: target?.getTypes is not a function
    at ModdedDex.getEffectiveness (C:\Users\chinm\OneDrive\Documents\GitHub\pokemon-showdown-master\sim\dex.ts:261:42)
    at Pokemon.runEffectiveness (C:\Users\chinm\OneDrive\Documents\GitHub\pokemon-showdown-master\sim\pokemon.ts:2091:34)
    at BattleActions.modifyDamage (C:\Users\chinm\OneDrive\Documents\GitHub\pokemon-showdown-master\sim\battle-actions.ts:1784:24)
    at BattleActions.getDamage (C:\Users\chinm\OneDrive\Documents\GitHub\pokemon-showdown-master\sim\battle-actions.ts:1710:15)
    at BattleActions.getSpreadDamage (C:\Users\chinm\OneDrive\Documents\GitHub\pokemon-showdown-master\sim\battle-actions.ts:1163:27)
    at BattleActions.spreadMoveHit (C:\Users\chinm\OneDrive\Documents\GitHub\pokemon-showdown-master\sim\battle-actions.ts:1084:17)
    at BattleActions.hitStepMoveHitLoop (C:\Users\chinm\OneDrive\Documents\GitHub\pokemon-showdown-master\sim\battle-actions.ts:933:44)
    at BattleActions.trySpreadMoveHit (C:\Users\chinm\OneDrive\Documents\GitHub\pokemon-showdown-master\sim\battle-actions.ts:594:79)
    at BattleActions.useMoveInner (C:\Users\chinm\OneDrive\Documents\GitHub\pokemon-showdown-master\sim\battle-actions.ts:511:22)
    at BattleActions.useMove (C:\Users\chinm\OneDrive\Documents\GitHub\pokemon-showdown-master\sim\battle-actions.ts:374:27)

Additional information:
  chunk = >p2 move 3
  inputLog = 
>start {"formatid":"gen7ubers","seed":[56130,43032,34714,19614]}
>player p1 {"name":"Ternimusalt","avatar":"102","team":"Garchomp||RoseliBerry|RoughSkin|IronHead,Earthquake,SwordsDance,Outrage|Jolly|,252,,,4,252|M||||]Mimikyu||FocusSash|Disguise|SwordsDance,ShadowClaw,WillOWisp,PlayRough|Jolly|,252,,,4,252|F||||]Venusaur||Venusaurite|Overgrow|SludgeBomb,Synthesis,MagicalLeaf,Earthquake|Modest|252,,,4,252,|M||||]Kyogre|||Drizzle|Dive||,,,,,8|N||||","rating":0}
>player p2 {"name":"Ternimus","avatar":"102","team":"Aegislash||GhostiumZ|StanceChange|ShadowBall,ShadowSneak,KingsShield,SacredSword|Quiet|252,,,252,4,|M||||]Clefable||KeeBerry|Unaware|CalmMind,Moonblast,Incinerate,MistyTerrain|Bold|252,,252,4,,|F|,0,,,,|||]Charizard||CharizarditeX|Blaze|Overheat,DragonPulse|Modest|4,,,252,,252|F|,0,,,,|||","rating":0}
>p1 team 2, 1, 3, 4
>p2 team 2, 1, 3
>p1 move playrough
>p2 move incinerate
  log = 
|t:|1708018057
|-fieldstart|Corrosive Mist Field
|gametype|singles
|player|p1|Ternimusalt|102|
|player|p2|Ternimus|102|
|teamsize|p1|4
|teamsize|p2|3
|gen|7
|tier|[Gen 7] Ubers
|rule|Sleep Clause Mod: Limit one foe put to sleep
|rule|Species Clause: Limit one of each Pokémon
|rule|OHKO Clause: OHKO moves are banned
|rule|Moody Clause: Moody is banned
|rule|Evasion Items Clause: Evasion items are banned
|rule|Evasion Moves Clause: Evasion moves are banned
|rule|Endless Battle Clause: Forcing endless battles is banned
|rule|HP Percentage Mod: HP is shown in percentages
|rule|Mega Rayquaza Clause: You cannot mega evolve Rayquaza
|clearpoke
|poke|p1|Garchomp, M|item
|poke|p1|Mimikyu, F|item
|poke|p1|Venusaur, M|item
|poke|p1|Kyogre|
|poke|p2|Aegislash, M|item
|poke|p2|Clefable, F|item
|poke|p2|Charizard, F|item
|teampreview
|
|t:|1708018060
|start
|switch|p1a: Mimikyu|Mimikyu, F|251/251
|switch|p2a: Clefable|Clefable, F|394/394
|turn|1
|
|t:|1708018062
|move|p1a: Mimikyu|Play Rough|p2a: Clefable


TypeError: targetTyping is not iterable
    at ModdedDex.getEffectiveness (C:\Users\chinm\OneDrive\Documents\GitHub\pokemon-showdown-master\sim\dex.ts:264:23)
    at Pokemon.runEffectiveness (C:\Users\chinm\OneDrive\Documents\GitHub\pokemon-showdown-master\sim\pokemon.ts:2091:34)
    at BattleActions.modifyDamage (C:\Users\chinm\OneDrive\Documents\GitHub\pokemon-showdown-master\sim\battle-actions.ts:1784:24)
    at BattleActions.getDamage (C:\Users\chinm\OneDrive\Documents\GitHub\pokemon-showdown-master\sim\battle-actions.ts:1710:15)
    at BattleActions.getSpreadDamage (C:\Users\chinm\OneDrive\Documents\GitHub\pokemon-showdown-master\sim\battle-actions.ts:1163:27)
    at BattleActions.spreadMoveHit (C:\Users\chinm\OneDrive\Documents\GitHub\pokemon-showdown-master\sim\battle-actions.ts:1084:17)
    at BattleActions.hitStepMoveHitLoop (C:\Users\chinm\OneDrive\Documents\GitHub\pokemon-showdown-master\sim\battle-actions.ts:933:44)
    at BattleActions.trySpreadMoveHit (C:\Users\chinm\OneDrive\Documents\GitHub\pokemon-showdown-master\sim\battle-actions.ts:594:79)
    at BattleActions.useMoveInner (C:\Users\chinm\OneDrive\Documents\GitHub\pokemon-showdown-master\sim\battle-actions.ts:511:22)
    at BattleActions.useMove (C:\Users\chinm\OneDrive\Documents\GitHub\pokemon-showdown-master\sim\battle-actions.ts:374:27)

Additional information:
  chunk = >p2 move 2
  inputLog = 
>start {"formatid":"gen7ubers","seed":[65393,49875,37481,18925]}
>player p1 {"name":"Ternimusalt","avatar":"2","team":"Garchomp||RoseliBerry|RoughSkin|IronHead,Earthquake,SwordsDance,Outrage|Jolly|,252,,,4,252|F||||]Mimikyu||FocusSash|Disguise|SwordsDance,ShadowClaw,WillOWisp,PlayRough|Jolly|,252,,,4,252|M||||]Venusaur||Venusaurite|Overgrow|SludgeBomb,Synthesis,MagicalLeaf,Earthquake|Modest|252,,,4,252,|F||||]Kyogre|||Drizzle|Dive||,,,,,8|N||||","rating":0}
>player p2 {"name":"Ternimus","avatar":"101","team":"Aegislash||GhostiumZ|StanceChange|ShadowBall,ShadowSneak,KingsShield,SacredSword|Quiet|252,,,252,4,|M||||]Clefable||KeeBerry|Unaware|CalmMind,Moonblast,Incinerate,MistyTerrain|Bold|252,,252,4,,|M|,0,,,,|||]Charizard||CharizarditeX|Blaze|Overheat,DragonPulse|Modest|4,,,252,,252|M|,0,,,,|||","rating":0}
>p1 team 2, 1, 3, 4
>p2 team 2, 1, 3
>p1 move playrough
>p2 move moonblast
  log = 
|t:|1708018203
|-fieldstart|Corrosive Mist Field
|gametype|singles
|player|p1|Ternimusalt|2|
|player|p2|Ternimus|101|
|teamsize|p1|4
|teamsize|p2|3
|gen|7
|tier|[Gen 7] Ubers
|rule|Sleep Clause Mod: Limit one foe put to sleep
|rule|Species Clause: Limit one of each Pokémon
|rule|OHKO Clause: OHKO moves are banned
|rule|Moody Clause: Moody is banned
|rule|Evasion Items Clause: Evasion items are banned
|rule|Evasion Moves Clause: Evasion moves are banned
|rule|Endless Battle Clause: Forcing endless battles is banned
|rule|HP Percentage Mod: HP is shown in percentages
|rule|Mega Rayquaza Clause: You cannot mega evolve Rayquaza
|clearpoke
|poke|p1|Garchomp, F|item
|poke|p1|Mimikyu, M|item
|poke|p1|Venusaur, F|item
|poke|p1|Kyogre|
|poke|p2|Aegislash, M|item
|poke|p2|Clefable, M|item
|poke|p2|Charizard, M|item
|teampreview
|
|t:|1708018207
|start
|switch|p1a: Mimikyu|Mimikyu, M|251/251
|switch|p2a: Clefable|Clefable, M|394/394
|turn|1
|
|t:|1708018210
|move|p1a: Mimikyu|Play Rough|p2a: Clefable


ReferenceError: type is not defined
    at Pokemon.runEffectiveness (C:\Users\chinm\OneDrive\Documents\GitHub\PokemonShowdown-Reborn\sim\pokemon.ts:2089:15)
    at BattleActions.modifyDamage (C:\Users\chinm\OneDrive\Documents\GitHub\PokemonShowdown-Reborn\sim\battle-actions.ts:1784:24)
    at BattleActions.getDamage (C:\Users\chinm\OneDrive\Documents\GitHub\PokemonShowdown-Reborn\sim\battle-actions.ts:1710:15)
    at BattleActions.getSpreadDamage (C:\Users\chinm\OneDrive\Documents\GitHub\PokemonShowdown-Reborn\sim\battle-actions.ts:1163:27)
    at BattleActions.spreadMoveHit (C:\Users\chinm\OneDrive\Documents\GitHub\PokemonShowdown-Reborn\sim\battle-actions.ts:1084:17)
    at BattleActions.hitStepMoveHitLoop (C:\Users\chinm\OneDrive\Documents\GitHub\PokemonShowdown-Reborn\sim\battle-actions.ts:933:44)
    at BattleActions.trySpreadMoveHit (C:\Users\chinm\OneDrive\Documents\GitHub\PokemonShowdown-Reborn\sim\battle-actions.ts:594:79)
    at BattleActions.useMoveInner (C:\Users\chinm\OneDrive\Documents\GitHub\PokemonShowdown-Reborn\sim\battle-actions.ts:511:22)
    at BattleActions.useMove (C:\Users\chinm\OneDrive\Documents\GitHub\PokemonShowdown-Reborn\sim\battle-actions.ts:374:27)
    at BattleActions.runMove (C:\Users\chinm\OneDrive\Documents\GitHub\PokemonShowdown-Reborn\sim\battle-actions.ts:312:33)

Additional information:
  chunk = >p2 move 4
  inputLog = 
>start {"formatid":"gen7ubers","seed":[63540,24984,24355,20873]}
>player p1 {"name":"Ternimus","avatar":"265","team":"Aegislash||GhostiumZ|StanceChange|ShadowBall,ShadowSneak,KingsShield,SacredSword|Quiet|252,,,252,4,|F||||]Clefable||KeeBerry|Unaware|CalmMind,Moonblast,Incinerate,MistyTerrain|Serious|252,,,4,,252|F|,0,,,,|||]Charizard||CharizarditeY|Blaze|FireSpin,FirePledge||,,,,,4|M|,0,,,,|||","rating":0}
>player p2 {"name":"Ternimusalt","avatar":"1","team":"Garchomp||RoseliBerry|RoughSkin|IronHead,Earthquake,SwordsDance,Outrage|Jolly|,252,,,4,252|M||||]Mimikyu||FocusSash|Disguise|SwordsDance,ShadowClaw,WillOWisp,PlayRough|Jolly|,252,,,4,252|F||||]Venusaur||Venusaurite|Overgrow|SludgeBomb,Synthesis,GrassPledge,Earthquake|Modest|252,,,4,252,|M||||]Pelipper|||Drizzle|Tailwind||,,,,,16|F|,0,,,,|||","rating":0}
>p1 team 1, 2, 3
>p2 team 2, 1, 3, 4
>p1 move sacredsword
>p2 move playrough
  log = 
|t:|1708241621
|-fieldstart|Fairy Tale Terrain
|gametype|singles
|player|p1|Ternimus|265|
|player|p2|Ternimusalt|1|
|teamsize|p1|3
|teamsize|p2|4
|gen|7
|tier|[Gen 7] Ubers
|rule|Sleep Clause Mod: Limit one foe put to sleep
|rule|Species Clause: Limit one of each Pokémon
|rule|OHKO Clause: OHKO moves are banned
|rule|Moody Clause: Moody is banned
|rule|Evasion Items Clause: Evasion items are banned
|rule|Evasion Moves Clause: Evasion moves are banned
|rule|Endless Battle Clause: Forcing endless battles is banned
|rule|HP Percentage Mod: HP is shown in percentages
|rule|Mega Rayquaza Clause: You cannot mega evolve Rayquaza
|clearpoke
|poke|p1|Aegislash, F|item
|poke|p1|Clefable, F|item
|poke|p1|Charizard, M|item
|poke|p2|Garchomp, M|item
|poke|p2|Mimikyu, F|item
|poke|p2|Venusaur, M|item
|poke|p2|Pelipper, F|
|teampreview
|
|t:|1708241624
|start
|switch|p1a: Aegislash|Aegislash, F|324/324
|switch|p2a: Mimikyu|Mimikyu, F|251/251
|-ability|p1a: Aegislash|Stance Change|boost
|-boost|p1a: Aegislash|def|1
|turn|1
|
|t:|1708241628
|move|p2a: Mimikyu|Play Rough|p1a: Aegislash


TypeError: Cannot read properties of undefined (reading 'toLowerCase')
    at DexTypes.isName (C:\Users\chinm\OneDrive\Documents\GitHub\PokemonShowdown-Reborn\sim\dex-data.ts:294:19)
    at Pokemon.runImmunity (C:\Users\chinm\OneDrive\Documents\GitHub\PokemonShowdown-Reborn\sim\pokemon.ts:2104:31)
    at BattleActions.getDamage (C:\Users\chinm\OneDrive\Documents\GitHub\PokemonShowdown-Reborn\sim\battle-actions.ts:1592:16)
    at BattleActions.getSpreadDamage (C:\Users\chinm\OneDrive\Documents\GitHub\PokemonShowdown-Reborn\sim\battle-actions.ts:1163:27)
    at BattleActions.spreadMoveHit (C:\Users\chinm\OneDrive\Documents\GitHub\PokemonShowdown-Reborn\sim\battle-actions.ts:1084:17)
    at BattleActions.moveHit (C:\Users\chinm\OneDrive\Documents\GitHub\PokemonShowdown-Reborn\sim\battle-actions.ts:1381:23)
    at BattleActions.secondaries (C:\Users\chinm\OneDrive\Documents\GitHub\PokemonShowdown-Reborn\sim\battle-actions.ts:1354:11)
    at BattleActions.spreadMoveHit (C:\Users\chinm\OneDrive\Documents\GitHub\PokemonShowdown-Reborn\sim\battle-actions.ts:1111:34)
    at BattleActions.hitStepMoveHitLoop (C:\Users\chinm\OneDrive\Documents\GitHub\PokemonShowdown-Reborn\sim\battle-actions.ts:933:44)
    at BattleActions.trySpreadMoveHit (C:\Users\chinm\OneDrive\Documents\GitHub\PokemonShowdown-Reborn\sim\battle-actions.ts:594:79)

Additional information:
  chunk = >p2 move 1
  inputLog = 
>start {"formatid":"gen7ubers","seed":[21885,12546,24843,29388]}
>player p1 {"name":"Ternimus","avatar":"101","team":"Aegislash||GhostiumZ|StanceChange|ShadowBall,ShadowSneak,KingsShield,SacredSword|Quiet|252,,,252,4,|F||||]Clefable||KeeBerry|Unaware|CalmMind,Moonblast,Incinerate,MistyTerrain|Serious|252,,,4,,252|F|,0,,,,|||]Charizard||CharizarditeY|Blaze|FireSpin,FirePledge||,,,,,4|F|,0,,,,|||","rating":0}
>player p2 {"name":"Ternimusalt","avatar":"170","team":"Garchomp||RoseliBerry|RoughSkin|IronHead,Earthquake,SwordsDance,Outrage|Jolly|,252,,,4,252|M||||]Mimikyu||FocusSash|Disguise|SwordsDance,ShadowClaw,WillOWisp,PlayRough|Jolly|,252,,,4,252|F||||]Venusaur||Venusaurite|Overgrow|SludgeBomb,Synthesis,GrassPledge,Earthquake|Modest|252,,,4,252,|M||||]Pelipper|||Drizzle|Tailwind||,,,,,16|F|,0,,,,|||","rating":0}
>p1 team 1, 2, 3
>p2 team 2, 1, 3, 4
>p1 move sacredsword
>p2 move swordsdance
>p1 move shadowsneak
>p2 move shadowclaw
>p1 switch 2
>p1 move calmmind
>p2 move shadowclaw
>p1 move incinerate
>p2 switch 3
>p1 move calmmind
>p2 move synthesis mega
>p1 move incinerate
>p2 move sludgebomb
  log = 
|t:|1708242854
|-fieldstart|Fairy Tale Terrain
|gametype|singles
|player|p1|Ternimus|101|
|player|p2|Ternimusalt|170|
|teamsize|p1|3
|teamsize|p2|4
|gen|7
|tier|[Gen 7] Ubers
|rule|Sleep Clause Mod: Limit one foe put to sleep
|rule|Species Clause: Limit one of each Pokémon
|rule|OHKO Clause: OHKO moves are banned
|rule|Moody Clause: Moody is banned
|rule|Evasion Items Clause: Evasion items are banned
|rule|Evasion Moves Clause: Evasion moves are banned
|rule|Endless Battle Clause: Forcing endless battles is banned
|rule|HP Percentage Mod: HP is shown in percentages
|rule|Mega Rayquaza Clause: You cannot mega evolve Rayquaza
|clearpoke
|poke|p1|Aegislash, F|item
|poke|p1|Clefable, F|item
|poke|p1|Charizard, F|item
|poke|p2|Garchomp, M|item
|poke|p2|Mimikyu, F|item
|poke|p2|Venusaur, M|item
|poke|p2|Pelipper, F|
|teampreview
|
|t:|1708242857
|start
|switch|p1a: Aegislash|Aegislash, F|324/324
|switch|p2a: Mimikyu|Mimikyu, F|251/251
|-ability|p1a: Aegislash|Stance Change|boost
|-boost|p1a: Aegislash|def|1
|turn|1
|
|t:|1708242862
|move|p2a: Mimikyu|Swords Dance|p2a: Mimikyu
|-boost|p2a: Mimikyu|atk|3
|-ability|p1a: Aegislash|Stance Change|boost
|-unboost|p1a: Aegislash|def|1
|-boost|p1a: Aegislash|atk|1
|-formechange|p1a: Aegislash|Aegislash-Blade||[from] ability: Stance Change
|move|p1a: Aegislash|Sacred Sword|p2a: Mimikyu
|-activate|p2a: Mimikyu|ability: Disguise
|-damage|p2a: Mimikyu|251/251
|detailschange|p2a: Mimikyu|Mimikyu-Busted, F
|
|upkeep
|turn|2
|
|t:|1708242873
|move|p1a: Aegislash|Shadow Sneak|p2a: Mimikyu
|-supereffective|p2a: Mimikyu
|-enditem|p2a: Mimikyu|Focus Sash
|-damage|p2a: Mimikyu|1/251
|move|p2a: Mimikyu|Shadow Claw|p1a: Aegislash
|-supereffective|p1a: Aegislash
|-damage|p1a: Aegislash|0 fnt
|faint|p1a: Aegislash
|
|upkeep
|
|t:|1708242881
|switch|p1a: Clefable|Clefable, F|394/394
|turn|3
|
|t:|1708242891
|move|p2a: Mimikyu|Shadow Claw|p1a: Clefable
|-damage|p1a: Clefable|270/394
|-enditem|p1a: Clefable|Kee Berry|[eat]
|-boost|p1a: Clefable|def|1|[from] item: Kee Berry
|move|p1a: Clefable|Calm Mind|p1a: Clefable
|-boost|p1a: Clefable|spa|1
|-boost|p1a: Clefable|spd|1
|
|upkeep
|turn|4
|
|t:|1708242902
|switch|p2a: Venusaur|Venusaur, M|364/364
|move|p1a: Clefable|Incinerate|p2a: Venusaur
|-supereffective|p2a: Venusaur
|-damage|p2a: Venusaur|256/364
|
|upkeep
|turn|5
|
|t:|1708242906
|detailschange|p2a: Venusaur|Venusaur-Mega, M
|-mega|p2a: Venusaur|Venusaur|Venusaurite
|move|p1a: Clefable|Calm Mind|p1a: Clefable
|-boost|p1a: Clefable|spa|1
|-boost|p1a: Clefable|spd|1
|move|p2a: Venusaur|Synthesis|p2a: Venusaur
|-heal|p2a: Venusaur|364/364
|
|upkeep
|turn|6
|
|t:|1708242917
|move|p1a: Clefable|Incinerate|p2a: Venusaur
|-supereffective|p2a: Venusaur
|-damage|p2a: Venusaur|298/364
|move|p2a: Venusaur|Sludge Bomb|p1a: Clefable
|-supereffective|p1a: Clefable
|-damage|p1a: Clefable|114/394


Error: Adjust Level Down 100 will have no effect because it's not below max level 100.
    at RuleTable.resolveNumbers (C:\Users\chinm\OneDrive\Documents\GitHub\PokemonShowdown-Reborn\sim\dex-formats.ts:286:10)
    at DexFormats.getRuleTable (C:\Users\chinm\OneDrive\Documents\GitHub\PokemonShowdown-Reborn\sim\dex-formats.ts:823:13)
    at DexFormats.getRuleTable (C:\Users\chinm\OneDrive\Documents\GitHub\PokemonShowdown-Reborn\sim\dex-formats.ts:773:30)
    at GlobalRoomState.get formatListText [as formatListText] (C:\Users\chinm\OneDrive\Documents\GitHub\PokemonShowdown-Reborn\server\rooms.ts:1463:34)
    at GlobalRoomState.handleConnect (C:\Users\chinm\OneDrive\Documents\GitHub\PokemonShowdown-Reborn\server\rooms.ts:1718:80)
    at Object.socketConnect (C:\Users\chinm\OneDrive\Documents\GitHub\PokemonShowdown-Reborn\server\users.ts:1668:15)
    at Object.onSpawn (C:\Users\chinm\OneDrive\Documents\GitHub\PokemonShowdown-Reborn\server\sockets.ts:34:11)
    at processTicksAndRejections (node:internal/process/task_queues:95:5)

Error: Rule "!!adjustlevel=50" is not replacing anything (it should not have "!!")
    at DexFormats.getRuleTable (C:\Users\chinm\OneDrive\Documents\GitHub\PokemonShowdown-Reborn\sim\dex-formats.ts:749:14)
    at GlobalRoomState.get formatListText [as formatListText] (C:\Users\chinm\OneDrive\Documents\GitHub\PokemonShowdown-Reborn\server\rooms.ts:1463:34)
    at GlobalRoomState.handleConnect (C:\Users\chinm\OneDrive\Documents\GitHub\PokemonShowdown-Reborn\server\rooms.ts:1718:80)
    at Object.socketConnect (C:\Users\chinm\OneDrive\Documents\GitHub\PokemonShowdown-Reborn\server\users.ts:1668:15)
    at Object.onSpawn (C:\Users\chinm\OneDrive\Documents\GitHub\PokemonShowdown-Reborn\server\sockets.ts:34:11)
    at processTicksAndRejections (node:internal/process/task_queues:95:5)

Error: Rule "!!adjustlevel=50" is not replacing anything (it should not have "!!")
    at DexFormats.getRuleTable (C:\Users\chinm\OneDrive\Documents\GitHub\PokemonShowdown-Reborn\sim\dex-formats.ts:749:14)
    at GlobalRoomState.get formatListText [as formatListText] (C:\Users\chinm\OneDrive\Documents\GitHub\PokemonShowdown-Reborn\server\rooms.ts:1463:34)
    at GlobalRoomState.handleConnect (C:\Users\chinm\OneDrive\Documents\GitHub\PokemonShowdown-Reborn\server\rooms.ts:1718:80)
    at Object.socketConnect (C:\Users\chinm\OneDrive\Documents\GitHub\PokemonShowdown-Reborn\server\users.ts:1668:15)
    at Object.onSpawn (C:\Users\chinm\OneDrive\Documents\GitHub\PokemonShowdown-Reborn\server\sockets.ts:34:11)
    at processTicksAndRejections (node:internal/process/task_queues:95:5)

Error: The "Picked Team Size" rule requires Team Preview.
    at Object.onValidateRule (C:\Users\chinm\OneDrive\Documents\GitHub\PokemonShowdown-Reborn\data\rulesets.ts:1893:11)
    at DexFormats.getRuleTable (C:\Users\chinm\OneDrive\Documents\GitHub\PokemonShowdown-Reborn\sim\dex-formats.ts:839:45)
    at DexFormats.getRuleTable (C:\Users\chinm\OneDrive\Documents\GitHub\PokemonShowdown-Reborn\sim\dex-formats.ts:773:30)
    at DexFormats.getRuleTable (C:\Users\chinm\OneDrive\Documents\GitHub\PokemonShowdown-Reborn\sim\dex-formats.ts:642:24)
    at GlobalRoomState.get formatListText [as formatListText] (C:\Users\chinm\OneDrive\Documents\GitHub\PokemonShowdown-Reborn\server\rooms.ts:1463:34)
    at GlobalRoomState.handleConnect (C:\Users\chinm\OneDrive\Documents\GitHub\PokemonShowdown-Reborn\server\rooms.ts:1718:80)
    at Object.socketConnect (C:\Users\chinm\OneDrive\Documents\GitHub\PokemonShowdown-Reborn\server\users.ts:1668:15)
    at Object.onSpawn (C:\Users\chinm\OneDrive\Documents\GitHub\PokemonShowdown-Reborn\server\sockets.ts:34:11)
    at processTicksAndRejections (node:internal/process/task_queues:95:5)

TypeError: this.sides is not iterable
    at Battle.getAllActive (C:\Users\chinm\OneDrive\Documents\GitHub\PokemonShowdown-Reborn\sim\battle.ts:1189:27)
    at Battle.eachEvent (C:\Users\chinm\OneDrive\Documents\GitHub\PokemonShowdown-Reborn\sim\battle.ts:460:24)
    at Field.startTerrain (C:\Users\chinm\OneDrive\Documents\GitHub\PokemonShowdown-Reborn\sim\field.ts:143:15)
    at new Field (C:\Users\chinm\OneDrive\Documents\GitHub\PokemonShowdown-Reborn\sim\field.ts:35:8)
    at new Battle (C:\Users\chinm\OneDrive\Documents\GitHub\PokemonShowdown-Reborn\sim\battle.ts:219:16)
    at RoomBattleStream._writeLine (C:\Users\chinm\OneDrive\Documents\GitHub\PokemonShowdown-Reborn\sim\battle-stream.ts:109:18)
    at RoomBattleStream._writeLines (C:\Users\chinm\OneDrive\Documents\GitHub\PokemonShowdown-Reborn\sim\battle-stream.ts:78:10)
    at RoomBattleStream._write (C:\Users\chinm\OneDrive\Documents\GitHub\PokemonShowdown-Reborn\server\room-battle.ts:1311:9)
    at RoomBattleStream.write (C:\Users\chinm\OneDrive\Documents\GitHub\PokemonShowdown-Reborn\lib\streams.ts:836:15)
    at process.<anonymous> (C:\Users\chinm\OneDrive\Documents\GitHub\PokemonShowdown-Reborn\lib\process-manager.ts:678:17)

Additional information:
  chunk = >start {"formatid":"gen7battlespotsingles","roomid":"battle-gen7battlespotsingles-844","rated":""}
  inputLog = 
  log = 


TypeError: Cannot read properties of null (reading 'setPlayer')
    at RoomBattleStream._writeLine (C:\Users\chinm\OneDrive\Documents\GitHub\PokemonShowdown-Reborn\sim\battle-stream.ts:113:17)
    at RoomBattleStream._writeLines (C:\Users\chinm\OneDrive\Documents\GitHub\PokemonShowdown-Reborn\sim\battle-stream.ts:78:10)
    at RoomBattleStream._write (C:\Users\chinm\OneDrive\Documents\GitHub\PokemonShowdown-Reborn\server\room-battle.ts:1311:9)
    at RoomBattleStream.write (C:\Users\chinm\OneDrive\Documents\GitHub\PokemonShowdown-Reborn\lib\streams.ts:836:15)
    at process.<anonymous> (C:\Users\chinm\OneDrive\Documents\GitHub\PokemonShowdown-Reborn\lib\process-manager.ts:678:17)
    at process.emit (node:events:514:28)
    at process.emit (node:domain:488:12)
    at process.emit (C:\Users\chinm\OneDrive\Documents\GitHub\PokemonShowdown-Reborn\node_modules\source-map-support\source-map-support.js:516:21)
    at emit (node:internal/child_process:951:14)
    at processTicksAndRejections (node:internal/process/task_queues:83:21)

Additional information:
  chunk = >player p1 {"name":"Ternimus","avatar":"265","team":"Aegislash||GhostiumZ|StanceChange|ShadowBall,ShadowSneak,KingsShield,SacredSword|Quiet|252,,,252,4,|F||||]Clefable||KeeBerry|Unaware|CalmMind,Moonblast,Incinerate,MistyTerrain|Serious|252,,,4,,252|M|,0,,,,|||]Charizard||CharizarditeY|Blaze|FireSpin,FirePledge||,,,,,4|M|,0,,,,|||","rating":0}
  inputLog = 
  log = 


TypeError: Cannot read properties of null (reading 'setPlayer')
    at RoomBattleStream._writeLine (C:\Users\chinm\OneDrive\Documents\GitHub\PokemonShowdown-Reborn\sim\battle-stream.ts:113:17)
    at RoomBattleStream._writeLines (C:\Users\chinm\OneDrive\Documents\GitHub\PokemonShowdown-Reborn\sim\battle-stream.ts:78:10)
    at RoomBattleStream._write (C:\Users\chinm\OneDrive\Documents\GitHub\PokemonShowdown-Reborn\server\room-battle.ts:1311:9)
    at RoomBattleStream.write (C:\Users\chinm\OneDrive\Documents\GitHub\PokemonShowdown-Reborn\lib\streams.ts:836:15)
    at process.<anonymous> (C:\Users\chinm\OneDrive\Documents\GitHub\PokemonShowdown-Reborn\lib\process-manager.ts:678:17)
    at process.emit (node:events:514:28)
    at process.emit (node:domain:488:12)
    at process.emit (C:\Users\chinm\OneDrive\Documents\GitHub\PokemonShowdown-Reborn\node_modules\source-map-support\source-map-support.js:516:21)
    at emit (node:internal/child_process:951:14)
    at processTicksAndRejections (node:internal/process/task_queues:83:21)

Additional information:
  chunk = >player p2 {"name":"Ternimusalt","avatar":"170","team":"Medicham||Medichamite|PurePower|BulletPunch,HighJumpKick,FirePunch,PsychoCut|Jolly|,252,,,4,252|F||||]Mimikyu||GhostiumZ|Disguise|SwordsDance,ShadowClaw,ShadowSneak,PlayRough|Jolly|,252,,,4,252|M||||]Venusaur||Venusaurite|Overgrow|SludgeBomb,Synthesis,MagicalLeaf,Earthquake|Modest|252,,,4,252,|F||||]Escavalier||MistySeed|ShellArmor|SmartStrike,SwordsDance,XScissor,KnockOff|Brave|252,252,,,,|F||||]Marowak|MarowakAlola|ThickClub|RockHead|SwordsDance,FlareBlitz,StompingTantrum,ShadowBone|Brave|252,252,,,4,|M||||","rating":0}
  inputLog = 
  log = 


TypeError: this.startTerrain is not a function
    at Battle.go (C:\Users\chinm\OneDrive\Documents\GitHub\PokemonShowdown-Reborn\sim\battle.ts:2775:9)
    at Battle.commitDecisions (C:\Users\chinm\OneDrive\Documents\GitHub\PokemonShowdown-Reborn\sim\battle.ts:2854:8)
    at Battle.choose (C:\Users\chinm\OneDrive\Documents\GitHub\PokemonShowdown-Reborn\sim\battle.ts:2810:35)
    at RoomBattleStream._writeLine (C:\Users\chinm\OneDrive\Documents\GitHub\PokemonShowdown-Reborn\sim\battle-stream.ts:122:18)
    at RoomBattleStream._writeLines (C:\Users\chinm\OneDrive\Documents\GitHub\PokemonShowdown-Reborn\sim\battle-stream.ts:78:10)
    at RoomBattleStream._write (C:\Users\chinm\OneDrive\Documents\GitHub\PokemonShowdown-Reborn\server\room-battle.ts:1311:9)
    at RoomBattleStream.write (C:\Users\chinm\OneDrive\Documents\GitHub\PokemonShowdown-Reborn\lib\streams.ts:836:15)
    at process.<anonymous> (C:\Users\chinm\OneDrive\Documents\GitHub\PokemonShowdown-Reborn\lib\process-manager.ts:678:17)
    at process.emit (node:events:514:28)
    at process.emit (node:domain:488:12)

Additional information:
  chunk = >p1 team 123
  inputLog = 
>start {"formatid":"gen7battlespotsingles","seed":[55096,54275,22987,21259]}
>player p1 {"name":"Ternimus","avatar":"170","team":"Aegislash||GhostiumZ|StanceChange|ShadowBall,ShadowSneak,KingsShield,SacredSword|Quiet|252,,,252,4,|F||||]Clefable||KeeBerry|Unaware|CalmMind,Moonblast,Incinerate,MistyTerrain|Serious|252,,,4,,252|F|,0,,,,|||]Charizard||CharizarditeY|Blaze|FireSpin,FirePledge||,,,,,4|F|,0,,,,|||","rating":0}
>player p2 {"name":"Ternimusalt","avatar":"169","team":"Medicham||Medichamite|PurePower|BulletPunch,HighJumpKick,FirePunch,PsychoCut|Jolly|,252,,,4,252|F||||]Mimikyu||GhostiumZ|Disguise|SwordsDance,ShadowClaw,ShadowSneak,PlayRough|Jolly|,252,,,4,252|F||||]Venusaur||Venusaurite|Overgrow|SludgeBomb,Synthesis,MagicalLeaf,Earthquake|Modest|252,,,4,252,|F||||]Escavalier||MistySeed|ShellArmor|SmartStrike,SwordsDance,XScissor,KnockOff|Brave|252,252,,,,|F||||]Marowak|MarowakAlola|ThickClub|RockHead|SwordsDance,FlareBlitz,StompingTantrum,ShadowBone|Brave|252,252,,,4,|M||||","rating":0}
>p1 team 1, 2, 3
>p2 team 4, 2, 5
  log = 
|t:|1708415147
|gametype|singles
|player|p1|Ternimus|170|
|player|p2|Ternimusalt|169|
|teamsize|p1|3
|teamsize|p2|5
|gen|7
|tier|[Gen 7] Battle Spot Singles
|rule|Species Clause: Limit one of each Pokémon
|rule|Item Clause: Limit one of each item
|clearpoke
|poke|p1|Aegislash, F|item
|poke|p1|Clefable, F|item
|poke|p1|Charizard, F|item
|poke|p2|Medicham, F|item
|poke|p2|Mimikyu, F|item
|poke|p2|Venusaur, F|item
|poke|p2|Escavalier, F|item
|poke|p2|Marowak-Alola, M|item
|teampreview|3


TypeError: Cannot read properties of undefined (reading 'id')
    at Battle.onBasePower (C:\Users\chinm\OneDrive\Documents\GitHub\PokemonShowdown-Reborn\data\terrains.ts:275:70)
    at Battle.runEvent (C:\Users\chinm\OneDrive\Documents\GitHub\PokemonShowdown-Reborn\sim\battle.ts:847:34)
    at BattleActions.getDamage (C:\Users\chinm\OneDrive\Documents\GitHub\PokemonShowdown-Reborn\sim\battle-actions.ts:1641:27)
    at BattleActions.getSpreadDamage (C:\Users\chinm\OneDrive\Documents\GitHub\PokemonShowdown-Reborn\sim\battle-actions.ts:1163:27)
    at BattleActions.spreadMoveHit (C:\Users\chinm\OneDrive\Documents\GitHub\PokemonShowdown-Reborn\sim\battle-actions.ts:1084:17)
    at BattleActions.hitStepMoveHitLoop (C:\Users\chinm\OneDrive\Documents\GitHub\PokemonShowdown-Reborn\sim\battle-actions.ts:933:44)
    at BattleActions.trySpreadMoveHit (C:\Users\chinm\OneDrive\Documents\GitHub\PokemonShowdown-Reborn\sim\battle-actions.ts:594:79)
    at BattleActions.useMoveInner (C:\Users\chinm\OneDrive\Documents\GitHub\PokemonShowdown-Reborn\sim\battle-actions.ts:511:22)
    at BattleActions.useMove (C:\Users\chinm\OneDrive\Documents\GitHub\PokemonShowdown-Reborn\sim\battle-actions.ts:374:27)
    at BattleActions.runMove (C:\Users\chinm\OneDrive\Documents\GitHub\PokemonShowdown-Reborn\sim\battle-actions.ts:312:33)

Additional information:
  chunk = >p2 move 1
  inputLog = 
>start {"formatid":"gen7ubers","seed":[42288,22037,35652,38913]}
>player p1 {"name":"Ternimusalt","avatar":"170","team":"Quagsire|||Damp|Dive||,,,,,24|F||||]Feraligatr|||Torrent|Dive||,,,,,8|M||||","rating":0}
>player p2 {"name":"Ternimus","avatar":"2","team":"Aegislash|||StanceChange|SacredSword,ShadowBall,KingsShield||,,,,,12|F||||","rating":0}
>p1 team 2, 1
>p2 team 1
>p1 move dive
>p2 move kingsshield
>p1 move dive
>p2 move sacredsword
  log = 
|t:|1708591808
|gametype|singles
|player|p1|Ternimusalt|170|
|player|p2|Ternimus|2|
|teamsize|p1|2
|teamsize|p2|1
|gen|7
|tier|[Gen 7] Ubers
|rule|Sleep Clause Mod: Limit one foe put to sleep
|rule|Species Clause: Limit one of each Pokémon
|rule|OHKO Clause: OHKO moves are banned
|rule|Moody Clause: Moody is banned
|rule|Evasion Items Clause: Evasion items are banned
|rule|Evasion Moves Clause: Evasion moves are banned
|rule|Endless Battle Clause: Forcing endless battles is banned
|rule|HP Percentage Mod: HP is shown in percentages
|rule|Mega Rayquaza Clause: You cannot mega evolve Rayquaza
|clearpoke
|poke|p1|Quagsire, F|
|poke|p1|Feraligatr, M|
|poke|p2|Aegislash, F|
|teampreview
|
|t:|1708591848
|start
|switch|p1a: Feraligatr|Feraligatr, M|311/311
|switch|p2a: Aegislash|Aegislash, F|261/261
|turn|1
|
|t:|1708591851
|move|p2a: Aegislash|King's Shield|p2a: Aegislash
|-singleturn|p2a: Aegislash|Protect
|move|p1a: Feraligatr|Dive||[still]
|-prepare|p1a: Feraligatr|Dive
|
|upkeep
|turn|2
|
|t:|1708591857
|move|p1a: Feraligatr|Dive|p2a: Aegislash|[from]lockedmove


TypeError: Cannot read properties of undefined (reading 'layers')
    at Battle.onUseItem (C:\Users\chinm\OneDrive\Documents\GitHub\PokemonShowdown-Reborn\data\items.ts:2372:58)
    at Battle.runEvent (C:\Users\chinm\OneDrive\Documents\GitHub\PokemonShowdown-Reborn\sim\battle.ts:847:34)
    at Pokemon.useItem (C:\Users\chinm\OneDrive\Documents\GitHub\PokemonShowdown-Reborn\sim\pokemon.ts:1730:19)
    at Battle.onStart (C:\Users\chinm\OneDrive\Documents\GitHub\PokemonShowdown-Reborn\data\items.ts:2332:13)
    at Battle.singleEvent (C:\Users\chinm\OneDrive\Documents\GitHub\PokemonShowdown-Reborn\sim\battle.ts:587:25)
    at BattleActions.runSwitch (C:\Users\chinm\OneDrive\Documents\GitHub\PokemonShowdown-Reborn\sim\battle-actions.ts:195:16)
    at Battle.runAction (C:\Users\chinm\OneDrive\Documents\GitHub\PokemonShowdown-Reborn\sim\battle.ts:2639:17)
    at Battle.go (C:\Users\chinm\OneDrive\Documents\GitHub\PokemonShowdown-Reborn\sim\battle.ts:2793:9)
    at Battle.commitDecisions (C:\Users\chinm\OneDrive\Documents\GitHub\PokemonShowdown-Reborn\sim\battle.ts:2859:8)
    at Battle.choose (C:\Users\chinm\OneDrive\Documents\GitHub\PokemonShowdown-Reborn\sim\battle.ts:2815:35)

Additional information:
  chunk = >p2 switch 2
  inputLog = 
>start {"formatid":"gen7ubers","seed":[51508,43561,1278,58634]}
>player p1 {"name":"Ternimus","avatar":"1","team":"Aegislash|||StanceChange|SacredSword,ShadowBall,KingsShield,Substitute||,,,,,12|M||||]Ferrothorn|||IronBarbs|Spikes||,,,,,20|M|,0,,,,|||","rating":0}
>player p2 {"name":"Ternimusalt","avatar":"1","team":"Quagsire|||Damp|Dive||,,,,,24|F||||]Feraligatr||GrassySeed|Torrent|Dive,Liquidation||,,,,,8|F||||]Blaziken||Blazikenite|SpeedBoost|PowerUpPunch||,,,,,8|M||||","rating":0}
>p1 team 2, 1
>p2 team 1, 2, 3
>p1 move spikes
>p2 move dive
>p1 move spikes
>p2 move dive
>p1 move spikes
>p2 switch 2
  log = 
|t:|1708596998
|gametype|singles
|player|p1|Ternimus|1|
|player|p2|Ternimusalt|1|
|teamsize|p1|2
|teamsize|p2|3
|gen|7
|tier|[Gen 7] Ubers
|rule|Sleep Clause Mod: Limit one foe put to sleep
|rule|Species Clause: Limit one of each Pokémon
|rule|OHKO Clause: OHKO moves are banned
|rule|Moody Clause: Moody is banned
|rule|Evasion Items Clause: Evasion items are banned
|rule|Evasion Moves Clause: Evasion moves are banned
|rule|Endless Battle Clause: Forcing endless battles is banned
|rule|HP Percentage Mod: HP is shown in percentages
|rule|Mega Rayquaza Clause: You cannot mega evolve Rayquaza
|clearpoke
|poke|p1|Aegislash, M|
|poke|p1|Ferrothorn, M|
|poke|p2|Quagsire, F|
|poke|p2|Feraligatr, F|item
|poke|p2|Blaziken, M|item
|teampreview
|-fieldstart|Icy Terrain
|
|t:|1708597005
|start
|switch|p1a: Ferrothorn|Ferrothorn, M|289/289
|switch|p2a: Quagsire|Quagsire, F|331/331
|turn|1
|
|t:|1708597008
|move|p2a: Quagsire|Dive||[still]
|-prepare|p2a: Quagsire|Dive
|move|p1a: Ferrothorn|Spikes|p2a: Quagsire
|-sidestart|p2: Ternimusalt|Spikes
|
|upkeep
|turn|2
|
|t:|1708597013
|move|p2a: Quagsire|Dive|p1a: Ferrothorn|[from]lockedmove
|-resisted|p1a: Ferrothorn
|-damage|p1a: Ferrothorn|259/289
|-damage|p2a: Quagsire|290/331|[from] ability: Iron Barbs|[of] p1a: Ferrothorn
|move|p1a: Ferrothorn|Spikes|p2a: Quagsire
|-sidestart|p2: Ternimusalt|Spikes
|
|upkeep
|turn|3
|
|t:|1708597022
|switch|p2a: Feraligatr|Feraligatr, F|311/311
|-damage|p2a: Feraligatr|260/311|[from] Spikes
|-boost|p2a: Feraligatr|spe|2|[from] item: Grassy Seed

